Archive member included to satisfy reference by file (symbol)

c:/program files/microchip/xc8/v2.20/avr/bin/../lib/gcc/avr/5.4.0/../../../../avr/lib/avr5/memx-const\libm.a(addsf3.o)
                              build/default/production/ATMEGA_64.o (__subsf3)
c:/program files/microchip/xc8/v2.20/avr/bin/../lib/gcc/avr/5.4.0/../../../../avr/lib/avr5/memx-const\libm.a(addsf3x.o)
                              c:/program files/microchip/xc8/v2.20/avr/bin/../lib/gcc/avr/5.4.0/../../../../avr/lib/avr5/memx-const\libm.a(addsf3.o) (__addsf3x)
c:/program files/microchip/xc8/v2.20/avr/bin/../lib/gcc/avr/5.4.0/../../../../avr/lib/avr5/memx-const\libm.a(cmpsf2.o)
                              build/default/production/ATMEGA_64.o (__ltsf2)
c:/program files/microchip/xc8/v2.20/avr/bin/../lib/gcc/avr/5.4.0/../../../../avr/lib/avr5/memx-const\libm.a(divsf3.o)
                              build/default/production/ATMEGA_64.o (__divsf3)
c:/program files/microchip/xc8/v2.20/avr/bin/../lib/gcc/avr/5.4.0/../../../../avr/lib/avr5/memx-const\libm.a(divsf3x.o)
                              c:/program files/microchip/xc8/v2.20/avr/bin/../lib/gcc/avr/5.4.0/../../../../avr/lib/avr5/memx-const\libm.a(divsf3.o) (__divsf3x)
c:/program files/microchip/xc8/v2.20/avr/bin/../lib/gcc/avr/5.4.0/../../../../avr/lib/avr5/memx-const\libm.a(fixunssfsi.o)
                              build/default/production/ATMEGA_64.o (__fixunssfsi)
c:/program files/microchip/xc8/v2.20/avr/bin/../lib/gcc/avr/5.4.0/../../../../avr/lib/avr5/memx-const\libm.a(floatsisf.o)
                              build/default/production/ATMEGA_64.o (__floatunsisf)
c:/program files/microchip/xc8/v2.20/avr/bin/../lib/gcc/avr/5.4.0/../../../../avr/lib/avr5/memx-const\libm.a(fp_cmp.o)
                              c:/program files/microchip/xc8/v2.20/avr/bin/../lib/gcc/avr/5.4.0/../../../../avr/lib/avr5/memx-const\libm.a(cmpsf2.o) (__fp_cmp)
c:/program files/microchip/xc8/v2.20/avr/bin/../lib/gcc/avr/5.4.0/../../../../avr/lib/avr5/memx-const\libm.a(fp_inf.o)
                              c:/program files/microchip/xc8/v2.20/avr/bin/../lib/gcc/avr/5.4.0/../../../../avr/lib/avr5/memx-const\libm.a(addsf3x.o) (__fp_inf)
c:/program files/microchip/xc8/v2.20/avr/bin/../lib/gcc/avr/5.4.0/../../../../avr/lib/avr5/memx-const\libm.a(fp_nan.o)
                              c:/program files/microchip/xc8/v2.20/avr/bin/../lib/gcc/avr/5.4.0/../../../../avr/lib/avr5/memx-const\libm.a(addsf3x.o) (__fp_nan)
c:/program files/microchip/xc8/v2.20/avr/bin/../lib/gcc/avr/5.4.0/../../../../avr/lib/avr5/memx-const\libm.a(fp_pscA.o)
                              c:/program files/microchip/xc8/v2.20/avr/bin/../lib/gcc/avr/5.4.0/../../../../avr/lib/avr5/memx-const\libm.a(addsf3x.o) (__fp_pscA)
c:/program files/microchip/xc8/v2.20/avr/bin/../lib/gcc/avr/5.4.0/../../../../avr/lib/avr5/memx-const\libm.a(fp_pscB.o)
                              c:/program files/microchip/xc8/v2.20/avr/bin/../lib/gcc/avr/5.4.0/../../../../avr/lib/avr5/memx-const\libm.a(addsf3x.o) (__fp_pscB)
c:/program files/microchip/xc8/v2.20/avr/bin/../lib/gcc/avr/5.4.0/../../../../avr/lib/avr5/memx-const\libm.a(fp_round.o)
                              c:/program files/microchip/xc8/v2.20/avr/bin/../lib/gcc/avr/5.4.0/../../../../avr/lib/avr5/memx-const\libm.a(addsf3.o) (__fp_round)
c:/program files/microchip/xc8/v2.20/avr/bin/../lib/gcc/avr/5.4.0/../../../../avr/lib/avr5/memx-const\libm.a(fp_split3.o)
                              c:/program files/microchip/xc8/v2.20/avr/bin/../lib/gcc/avr/5.4.0/../../../../avr/lib/avr5/memx-const\libm.a(addsf3x.o) (__fp_split3)
c:/program files/microchip/xc8/v2.20/avr/bin/../lib/gcc/avr/5.4.0/../../../../avr/lib/avr5/memx-const\libm.a(fp_zero.o)
                              c:/program files/microchip/xc8/v2.20/avr/bin/../lib/gcc/avr/5.4.0/../../../../avr/lib/avr5/memx-const\libm.a(addsf3x.o) (__fp_zero)
c:/program files/microchip/xc8/v2.20/avr/bin/../lib/gcc/avr/5.4.0/avr5/memx-const\libgcc.a(_udivmodhi4.o)
                              build/default/production/ATMEGA_64.o (__udivmodhi4)
c:/program files/microchip/xc8/v2.20/avr/bin/../lib/gcc/avr/5.4.0/avr5/memx-const\libgcc.a(_udivmodsi4.o)
                              build/default/production/ATMEGA_64.o (__udivmodsi4)
c:/program files/microchip/xc8/v2.20/avr/bin/../lib/gcc/avr/5.4.0/avr5/memx-const\libgcc.a(_exit.o)
                              C:/Program Files/Microchip/MPLABX/v5.50/packs/Microchip/ATmega_DFP/2.3.126/xc8/avr/lib/avr5/memx-const/crtatmega64.o (exit)
c:/program files/microchip/xc8/v2.20/avr/bin/../lib/gcc/avr/5.4.0/avr5/memx-const\libgcc.a(_copy_data.o)
                              build/default/production/newmain.o (__do_copy_data)
c:/program files/microchip/xc8/v2.20/avr/bin/../lib/gcc/avr/5.4.0/../../../../avr/lib/avr5/memx-const\libc.a(rand.o)
                              build/default/production/register.o (rand)
[...]
Memory Configuration

Name             Origin             Length             Attributes
text             0x0000000000000000 0x0000000000010000 xr
data             0x0000000000800100 0x0000000000001000 rw !x
eeprom           0x0000000000810000 0x0000000000000800 rw !x
fuse             0x0000000000820000 0x0000000000000003 rw !x
lock             0x0000000000830000 0x0000000000000400 rw !x
signature        0x0000000000840000 0x0000000000000400 rw !x
user_signatures  0x0000000000850000 0x0000000000000400 rw !x
*default*        0x0000000000000000 0xffffffffffffffff

Linker script and memory map

Address of section .data set to 0x800100
LOAD C:/Program Files/Microchip/MPLABX/v5.50/packs/Microchip/ATmega_DFP/2.3.126/xc8/avr/lib/avr5/memx-const/crtatmega64.o
                0x0000000000000001                __MPLAB_BUILD = 0x1
LOAD build/default/production/newmain.o
LOAD build/default/production/ssd1306_oled.o
LOAD build/default/production/input_debounce.o
LOAD build/default/production/buton_debounce.o
LOAD build/default/production/thread.o
LOAD build/default/production/soft_i2c.o
LOAD build/default/production/PIC_18F87K22.o
LOAD build/default/production/MENU.o
LOAD build/default/production/ATMEGA_64.o
LOAD build/default/production/ssh1106_oled.o
LOAD build/default/production/ATMEGA_328.o
LOAD build/default/production/AS5600_MAS.o
LOAD build/default/production/ws2812b.o
LOAD build/default/production/eeprom.o
LOAD build/default/production/ATMEGA_88.o
LOAD build/default/production/ATMEGA_8.o
LOAD build/default/production/register.o
LOAD build/default/production/PIC_18F67K40.o
LOAD build/default/production/PIC_18F46K22.o
START GROUP
LOAD c:/program files/microchip/xc8/v2.20/avr/bin/../lib/gcc/avr/5.4.0/../../../../avr/lib/avr5/memx-const\libm.a
END GROUP
START GROUP
LOAD c:/program files/microchip/xc8/v2.20/avr/bin/../lib/gcc/avr/5.4.0/avr5/memx-const\libgcc.a
LOAD c:/program files/microchip/xc8/v2.20/avr/bin/../lib/gcc/avr/5.4.0/../../../../avr/lib/avr5/memx-const\libm.a
LOAD c:/program files/microchip/xc8/v2.20/avr/bin/../lib/gcc/avr/5.4.0/../../../../avr/lib/avr5/memx-const\libc.a
LOAD C:/Program Files/Microchip/MPLABX/v5.50/packs/Microchip/ATmega_DFP/2.3.126/xc8/avr/lib/avr5/memx-const\libatmega64.a
END GROUP
                0x0000000000000000                __TEXT_REGION_ORIGIN__ = DEFINED (__TEXT_REGION_ORIGIN__)?__TEXT_REGION_ORIGIN__:0x0
                [0x0000000000800100]                __DATA_REGION_ORIGIN__ = DEFINED (__DATA_REGION_ORIGIN__)?__DATA_REGION_ORIGIN__:0x800060
                [0x0000000000010000]                __TEXT_REGION_LENGTH__ = DEFINED (__TEXT_REGION_LENGTH__)?__TEXT_REGION_LENGTH__:0x20000
                [0x0000000000001000]                __DATA_REGION_LENGTH__ = DEFINED (__DATA_REGION_LENGTH__)?__DATA_REGION_LENGTH__:0xffa0
                [0x0000000000000800]                __EEPROM_REGION_LENGTH__ = DEFINED (__EEPROM_REGION_LENGTH__)?__EEPROM_REGION_LENGTH__:0x10000
                [0x0000000000000003]                __FUSE_REGION_LENGTH__ = DEFINED (__FUSE_REGION_LENGTH__)?__FUSE_REGION_LENGTH__:0x400
                0x0000000000000400                __LOCK_REGION_LENGTH__ = DEFINED (__LOCK_REGION_LENGTH__)?__LOCK_REGION_LENGTH__:0x400
                0x0000000000000400                __SIGNATURE_REGION_LENGTH__ = DEFINED (__SIGNATURE_REGION_LENGTH__)?__SIGNATURE_REGION_LENGTH__:0x400
                0x0000000000000400                __USER_SIGNATURE_REGION_LENGTH__ = DEFINED (__USER_SIGNATURE_REGION_LENGTH__)?__USER_SIGNATURE_REGION_LENGTH__:0x400

.hash
 *(.hash)

.dynsym
 *(.dynsym)

.dynstr
 *(.dynstr)

.gnu.version
 *(.gnu.version)

.gnu.version_d
 *(.gnu.version_d)

.gnu.version_r
 *(.gnu.version_r)

.rel.init
 *(.rel.init)

.rela.init
 *(.rela.init)

.rel.text
 *(.rel.text)
 *(.rel.text.*)
 *(.rel.gnu.linkonce.t*)

.rela.text
 *(.rela.text)
 *(.rela.text.*)
 *(.rela.gnu.linkonce.t*)

.rel.fini
 *(.rel.fini)

.rela.fini
 *(.rela.fini)

.rel.rodata
 *(.rel.rodata)
 *(.rel.rodata.*)
 *(.rel.gnu.linkonce.r*)

.rela.rodata
 *(.rela.rodata)
 *(.rela.rodata.*)
 *(.rela.gnu.linkonce.r*)

.rel.data
 *(.rel.data)
 *(.rel.data.*)
 *(.rel.gnu.linkonce.d*)

.rela.data
 *(.rela.data)
 *(.rela.data.*)
 *(.rela.gnu.linkonce.d*)

.rel.ctors
 *(.rel.ctors)

.rela.ctors
 *(.rela.ctors)

.rel.dtors
 *(.rel.dtors)

.rela.dtors
 *(.rela.dtors)

.rel.got
 *(.rel.got)

.rela.got
 *(.rela.got)

.rel.bss
 *(.rel.bss)

.rela.bss
 *(.rela.bss)

.rel.plt
 *(.rel.plt)

.rela.plt
 *(.rela.plt)

.text           0x0000000000000000       0xf2
 *(.vectors)
 .vectors       0x0000000000000000       0x8c C:/Program Files/Microchip/MPLABX/v5.50/packs/Microchip/ATmega_DFP/2.3.126/xc8/avr/lib/avr5/memx-const/crtatmega64.o
                0x0000000000000000                __vector_default
                0x0000000000000000                __vectors
 *(.vectors)
 *(.progmem.gcc*)
 *(.dinit)
 .dinit         0x000000000000008c       0x11 data_init
                0x000000000000009e                . = ALIGN (0x2)
 *fill*         0x000000000000009d        0x1 
                0x000000000000009e                __trampolines_start = .
 *(.trampolines)
 .trampolines   0x000000000000009e        0x0 linker stubs
 *(.trampolines*)
                0x000000000000009e                __trampolines_end = .
 *libprintf_flt.a:*(.progmem.data)
 *libc.a:*(.progmem.data)
                0x000000000000009e                . = ALIGN (0x2)
 *(.jumptables)
 *(.jumptables*)
 *(.lowtext)
 *(.lowtext*)
                0x000000000000009e                __ctors_start = .
 *(.ctors)
                0x000000000000009e                __ctors_end = .
                0x000000000000009e                __dtors_start = .
 *(.dtors)
                0x000000000000009e                __dtors_end = .
 SORT(*)(.ctors)
 SORT(*)(.dtors)
 *(.init0)
 .init0         0x000000000000009e        0x0 C:/Program Files/Microchip/MPLABX/v5.50/packs/Microchip/ATmega_DFP/2.3.126/xc8/avr/lib/avr5/memx-const/crtatmega64.o
                0x000000000000009e                __init
 *(.init0)
 *(.init1)
 *(.init1)
 *(.init2)
 .init2         0x000000000000009e        0xc C:/Program Files/Microchip/MPLABX/v5.50/packs/Microchip/ATmega_DFP/2.3.126/xc8/avr/lib/avr5/memx-const/crtatmega64.o
 *(.init2)
 *(.init3)
 *(.init3)
 *(.init4)
 .init4         0x00000000000000aa       0x3c c:/program files/microchip/xc8/v2.20/avr/bin/../lib/gcc/avr/5.4.0/avr5/memx-const\libgcc.a(_copy_data.o)
                0x00000000000000aa                __do_copy_data
                0x00000000000000d8                __do_clear_bss
 *(.init4)
 *(.init5)
 *(.init5)
 *(.init6)
 *(.init6)
 *(.init7)
 *(.init7)
 *(.init8)
 *(.init8)
 *(.init9)
 .init9         0x00000000000000e6        0x8 C:/Program Files/Microchip/MPLABX/v5.50/packs/Microchip/ATmega_DFP/2.3.126/xc8/avr/lib/avr5/memx-const/crtatmega64.o
 *(.init9)
                0x00000000000000ee                . = ALIGN (0x2)
 *(.fini9)
 .fini9         0x00000000000000ee        0x0 c:/program files/microchip/xc8/v2.20/avr/bin/../lib/gcc/avr/5.4.0/avr5/memx-const\libgcc.a(_exit.o)
                0x00000000000000ee                _exit
                0x00000000000000ee                exit
 *(.fini9)
 *(.fini8)
 *(.fini8)
 *(.fini7)
 *(.fini7)
 *(.fini6)
 *(.fini6)
 *(.fini5)
 *(.fini5)
 *(.fini4)
 *(.fini4)
 *(.fini3)
 *(.fini3)
 *(.fini2)
 *(.fini2)
 *(.fini1)
 *(.fini1)
 *(.fini0)
 .fini0         0x00000000000000ee        0x4 c:/program files/microchip/xc8/v2.20/avr/bin/../lib/gcc/avr/5.4.0/avr5/memx-const\libgcc.a(_exit.o)
 *(.fini0)
                0x00000000000000f2                _etext = .

.data           0x0000000000800100        0x0 load address 0x00000000000000f2
                [!provide]                        PROVIDE (__data_start, .)
 *(.gnu.linkonce.d*)
 *(.gnu.linkonce.r*)
                0x0000000000800100                . = ALIGN (0x2)
                0x0000000000800100                _edata = .
                [!provide]                        PROVIDE (__data_end, .)

.bss            0x0000000000800100        0x0
                [!provide]                        PROVIDE (__bss_start, .)
 *(COMMON)
                [!provide]                        PROVIDE (__bss_end, .)
                0x00000000000000f2                __data_load_start = LOADADDR (.data)
                0x00000000000000f2                __data_load_end = (__data_load_start + SIZEOF (.data))

.noinit         0x0000000000800100        0x0
                [!provide]                        PROVIDE (__noinit_start, .)
 *(.noinit*)
                [!provide]                        PROVIDE (__noinit_end, .)
                0x0000000000800100                _end = .

.eeprom         0x0000000000810000        0x0
 *(.eeprom*)
                0x0000000000810000                __eeprom_end = .

.fuse
 *(.fuse)
 *(.lfuse)
 *(.hfuse)
 *(.efuse)

.lock
 *(.lock*)

.signature
 *(.signature*)

.user_signatures
 *(.user_signatures*)

.stab
 *(.stab)

.stabstr
 *(.stabstr)

.stab.excl
 *(.stab.excl)

.stab.exclstr
 *(.stab.exclstr)

.stab.index
 *(.stab.index)

.stab.indexstr
 *(.stab.indexstr)

.comment        0x0000000000000000       0x5b
 *(.comment)
 .comment       0x0000000000000000       0x2f build/default/production/newmain.o
                                         0x30 (size before relaxing)
 .comment       0x000000000000002f       0x30 build/default/production/thread.o
 .comment       0x000000000000002f       0x30 build/default/production/ATMEGA_64.o
 .comment       0x000000000000002f       0x30 build/default/production/eeprom.o
 .comment       0x000000000000002f       0x30 build/default/production/register.o
 .comment       0x000000000000002f       0x2c c:/program files/microchip/xc8/v2.20/avr/bin/../lib/gcc/avr/5.4.0/../../../../avr/lib/avr5/memx-const\libc.a(rand.o)
                                         0x2d (size before relaxing)
 .comment       0x000000000000005b       0x2d c:/program files/microchip/xc8/v2.20/avr/bin/../lib/gcc/avr/5.4.0/../../../../avr/lib/avr5/memx-const\libc.a(strchr_M.o)
 .comment       0x000000000000005b       0x2d c:/program files/microchip/xc8/v2.20/avr/bin/../lib/gcc/avr/5.4.0/../../../../avr/lib/avr5/memx-const\libc.a(sprintf.o)
 .comment       0x000000000000005b       0x2d c:/program files/microchip/xc8/v2.20/avr/bin/../lib/gcc/avr/5.4.0/../../../../avr/lib/avr5/memx-const\libc.a(vfprintf_std.o)
 .comment       0x000000000000005b       0x2d c:/program files/microchip/xc8/v2.20/avr/bin/../lib/gcc/avr/5.4.0/../../../../avr/lib/avr5/memx-const\libc.a(strnlen_M.o)
 .comment       0x000000000000005b       0x2d c:/program files/microchip/xc8/v2.20/avr/bin/../lib/gcc/avr/5.4.0/../../../../avr/lib/avr5/memx-const\libc.a(fputc.o)

.note.gnu.build-id
 *(.note.gnu.build-id)

.debug
 *(.debug)

.line
 *(.line)

.debug_srcinfo
 *(.debug_srcinfo)

.debug_sfnames
 *(.debug_sfnames)

.debug_aranges  0x0000000000000000      0x3a8
 *(.debug_aranges)
 .debug_aranges
                0x0000000000000000       0xb0 build/default/production/newmain.o
 .debug_aranges
                0x00000000000000b0       0x80 build/default/production/thread.o
 .debug_aranges
                0x0000000000000130      0x168 build/default/production/ATMEGA_64.o
 .debug_aranges
                0x0000000000000298       0x40 build/default/production/eeprom.o
 .debug_aranges
                0x00000000000002d8       0xd0 build/default/production/register.o

.debug_pubnames
 *(.debug_pubnames)

.debug_info     0x0000000000000000     0x4e1f
 *(.debug_info .gnu.linkonce.wi.*)
 .debug_info    0x0000000000000000      0x780 C:/Program Files/Microchip/MPLABX/v5.50/packs/Microchip/ATmega_DFP/2.3.126/xc8/avr/lib/avr5/memx-const/crtatmega64.o
 .debug_info    0x0000000000000780     0x1ad0 build/default/production/newmain.o
 .debug_info    0x0000000000002250      0x87d build/default/production/thread.o
 .debug_info    0x0000000000002acd     0x1139 build/default/production/ATMEGA_64.o
 .debug_info    0x0000000000003c06      0x4d6 build/default/production/eeprom.o
 .debug_info    0x00000000000040dc      0xd43 build/default/production/register.o

.debug_abbrev   0x0000000000000000     0x1221
 *(.debug_abbrev)
 .debug_abbrev  0x0000000000000000      0x718 C:/Program Files/Microchip/MPLABX/v5.50/packs/Microchip/ATmega_DFP/2.3.126/xc8/avr/lib/avr5/memx-const/crtatmega64.o
 .debug_abbrev  0x0000000000000718      0x2c7 build/default/production/newmain.o
 .debug_abbrev  0x00000000000009df      0x208 build/default/production/thread.o
 .debug_abbrev  0x0000000000000be7      0x30b build/default/production/ATMEGA_64.o
 .debug_abbrev  0x0000000000000ef2       0xf1 build/default/production/eeprom.o
 .debug_abbrev  0x0000000000000fe3      0x23e build/default/production/register.o

.debug_line     0x0000000000000000     0x1d47
 *(.debug_line .debug_line.* .debug_line_end)
 .debug_line    0x0000000000000000      0x16d C:/Program Files/Microchip/MPLABX/v5.50/packs/Microchip/ATmega_DFP/2.3.126/xc8/avr/lib/avr5/memx-const/crtatmega64.o
 .debug_line    0x000000000000016d      0x57f build/default/production/newmain.o
 .debug_line    0x00000000000006ec      0x329 build/default/production/thread.o
 .debug_line    0x0000000000000a15      0xc09 build/default/production/ATMEGA_64.o
 .debug_line    0x000000000000161e       0xe2 build/default/production/eeprom.o
 .debug_line    0x0000000000001700      0x647 build/default/production/register.o

.debug_frame    0x0000000000000000      0xbdc
 *(.debug_frame)
 .debug_frame   0x0000000000000000      0x1ec build/default/production/newmain.o
 .debug_frame   0x00000000000001ec      0x130 build/default/production/thread.o
 .debug_frame   0x000000000000031c      0x530 build/default/production/ATMEGA_64.o
 .debug_frame   0x000000000000084c       0xb4 build/default/production/eeprom.o
 .debug_frame   0x0000000000000900      0x2dc build/default/production/register.o

.debug_str      0x0000000000000000      0x555
 *(.debug_str)
 .debug_str     0x0000000000000000      0x27e C:/Program Files/Microchip/MPLABX/v5.50/packs/Microchip/ATmega_DFP/2.3.126/xc8/avr/lib/avr5/memx-const/crtatmega64.o
 .debug_str     0x000000000000027e      0x21b build/default/production/newmain.o
 .debug_str     0x0000000000000499       0x26 build/default/production/thread.o
 .debug_str     0x00000000000004bf       0x5b build/default/production/ATMEGA_64.o
 .debug_str     0x000000000000051a        0xb build/default/production/eeprom.o
 .debug_str     0x0000000000000525       0x30 build/default/production/register.o

.debug_loc      0x0000000000000000     0x271d
 *(.debug_loc)
 .debug_loc     0x0000000000000000      0x2db build/default/production/newmain.o
 .debug_loc     0x00000000000002db      0x392 build/default/production/thread.o
 .debug_loc     0x000000000000066d     0x146c build/default/production/ATMEGA_64.o
 .debug_loc     0x0000000000001ad9      0x211 build/default/production/eeprom.o
 .debug_loc     0x0000000000001cea      0xa33 build/default/production/register.o

.debug_macinfo
 *(.debug_macinfo)

.debug_weaknames
 *(.debug_weaknames)

.debug_funcnames
 *(.debug_funcnames)

.debug_typenames
 *(.debug_typenames)

.debug_varnames
 *(.debug_varnames)

.debug_pubtypes
 *(.debug_pubtypes)

.debug_ranges   0x0000000000000000      0x388
 *(.debug_ranges)
 .debug_ranges  0x0000000000000000       0xa0 build/default/production/newmain.o
 .debug_ranges  0x00000000000000a0       0x70 build/default/production/thread.o
 .debug_ranges  0x0000000000000110      0x158 build/default/production/ATMEGA_64.o
 .debug_ranges  0x0000000000000268       0x30 build/default/production/eeprom.o
 .debug_ranges  0x0000000000000298       0xf0 build/default/production/register.o

.debug_macro
 *(.debug_macro)
OUTPUT(dist/default/production/TEST.production.elf elf32-avr)
LOAD linker stubs
LOAD data_init

.note.gnu.avr.deviceinfo
                0x0000000000000000       0x3c
 .note.gnu.avr.deviceinfo
                0x0000000000000000       0x3c C:/Program Files/Microchip/MPLABX/v5.50/packs/Microchip/ATmega_DFP/2.3.126/xc8/avr/lib/avr5/memx-const/crtatmega64.o

.bss.UNLOCK.2974
                0x00000000008002da        0x1
 .bss.UNLOCK.2974
                0x00000000008002da        0x1 build/default/production/newmain.o

.bss.timer.2949
                0x00000000008002c0        0x4
 .bss.timer.2949
                0x00000000008002c0        0x4 build/default/production/newmain.o

.bss.UART_1_MSG
                0x00000000008002ac       0x14
 .bss.UART_1_MSG
                0x00000000008002ac       0x14 build/default/production/newmain.o
                0x00000000008002ac                UART_1_MSG

.bss.THREADS    0x0000000000800290       0x1c
 .bss.THREADS   0x0000000000800290       0x1c build/default/production/newmain.o
                0x0000000000800290                THREADS

.bss.SYSTEM_FUNCT_RETURN
                0x00000000008002db        0x1
 .bss.SYSTEM_FUNCT_RETURN
                0x00000000008002db        0x1 build/default/production/thread.o
                0x00000000008002db                SYSTEM_FUNCT_RETURN

.bss.SYSTEM_TIME_OUT_COUNTER
                0x00000000008002c8        0x2
 .bss.SYSTEM_TIME_OUT_COUNTER
                0x00000000008002c8        0x2 build/default/production/thread.o
                0x00000000008002c8                SYSTEM_TIME_OUT_COUNTER

.bss.TIMER_3_INTERRUPT_FUNCT_POINTER
                0x00000000008002ca        0x2
 .bss.TIMER_3_INTERRUPT_FUNCT_POINTER
                0x00000000008002ca        0x2 build/default/production/ATMEGA_64.o
                0x00000000008002ca                TIMER_3_INTERRUPT_FUNCT_POINTER

.bss.TIMER_1_INTERRUPT_FUNCT_POINTER
                0x00000000008002cc        0x2
 .bss.TIMER_1_INTERRUPT_FUNCT_POINTER
                0x00000000008002cc        0x2 build/default/production/ATMEGA_64.o
                0x00000000008002cc                TIMER_1_INTERRUPT_FUNCT_POINTER

.bss.UART_2_INTERRUPT_FUNCT_POINTER
                0x00000000008002ce        0x2
 .bss.UART_2_INTERRUPT_FUNCT_POINTER
                0x00000000008002ce        0x2 build/default/production/ATMEGA_64.o
                0x00000000008002ce                UART_2_INTERRUPT_FUNCT_POINTER

.bss.UART_1_INTERRUPT_FUNCT_POINTER
                0x00000000008002d0        0x2
 .bss.UART_1_INTERRUPT_FUNCT_POINTER
                0x00000000008002d0        0x2 build/default/production/ATMEGA_64.o
                0x00000000008002d0                UART_1_INTERRUPT_FUNCT_POINTER

.bss.TIMER_3_TICKS
                0x00000000008002d2        0x2
 .bss.TIMER_3_TICKS
                0x00000000008002d2        0x2 build/default/production/ATMEGA_64.o
                0x00000000008002d2                TIMER_3_TICKS

.bss.TIMER_1_TICKS
                0x00000000008002d4        0x2
 .bss.TIMER_1_TICKS
                0x00000000008002d4        0x2 build/default/production/ATMEGA_64.o
                0x00000000008002d4                TIMER_1_TICKS

.bss.eeprom_byte_write
                0x00000000008002d6        0x2
 .bss.eeprom_byte_write
                0x00000000008002d6        0x2 build/default/production/eeprom.o
                0x00000000008002d6                eeprom_byte_write

.bss.REGS       0x0000000000800100      0x190
 .bss.REGS      0x0000000000800100      0x190 build/default/production/register.o
                0x0000000000800100                REGS

.bss.UNLOCK_STARTED
                0x00000000008002dc        0x1
 .bss.UNLOCK_STARTED
                0x00000000008002dc        0x1 build/default/production/register.o
                0x00000000008002dc                UNLOCK_STARTED

.bss.RANDCODE   0x00000000008002d8        0x2
 .bss.RANDCODE  0x00000000008002d8        0x2 build/default/production/register.o
                0x00000000008002d8                RANDCODE

.progmemx.data  0x00000000000000f2       0x12
 .progmemx.data
                0x00000000000000f2       0x12 build/default/production/newmain.o

.progmemx.data  0x0000000000000104        0x8
 .progmemx.data
                0x0000000000000104        0x8 build/default/production/register.o

.text.avrlibc   0x000000000000010c      0x448
 .text.avrlibc  0x000000000000010c      0x448 c:/program files/microchip/xc8/v2.20/avr/bin/../lib/gcc/avr/5.4.0/../../../../avr/lib/avr5/memx-const\libc.a(vfprintf_std.o)
                0x000000000000010c                vfprintf

.text.REG_PROCESS
                0x0000000000000554      0x3e8
 .text.REG_PROCESS
                0x0000000000000554      0x3e8 build/default/production/newmain.o
                0x0000000000000554                REG_PROCESS

.text.REG_PROCESS_GET_DATA_STR
                0x000000000000093c      0x19e
 .text.REG_PROCESS_GET_DATA_STR
                0x000000000000093c      0x19e build/default/production/register.o
                0x000000000000093c                REG_PROCESS_GET_DATA_STR

.text.REG_CONVERT_DWORD_TO_STR_HEX
                0x0000000000000ada      0x10e
 .text.REG_CONVERT_DWORD_TO_STR_HEX
                0x0000000000000ada      0x10e build/default/production/register.o
                0x0000000000000ada                REG_CONVERT_DWORD_TO_STR_HEX

.text.REG_CONVERT_DWORD_TO_STR_DEC
                0x0000000000000be8      0x10a
 .text.REG_CONVERT_DWORD_TO_STR_DEC
                0x0000000000000be8      0x10a build/default/production/register.o
                0x0000000000000be8                REG_CONVERT_DWORD_TO_STR_DEC

.text.TIMER_1_INIT
                0x0000000000000cf2       0xe4
 .text.TIMER_1_INIT
                0x0000000000000cf2       0xe4 build/default/production/ATMEGA_64.o
                0x0000000000000cf2                TIMER_1_INIT

.text.PIN_SET_LAT
                0x0000000000000dd6       0xdc
 .text.PIN_SET_LAT
                0x0000000000000dd6       0xdc build/default/production/ATMEGA_64.o
                0x0000000000000dd6                PIN_SET_LAT

.text.PIN_SET_TRIS
                0x0000000000000eb2       0xdc
 .text.PIN_SET_TRIS
                0x0000000000000eb2       0xdc build/default/production/ATMEGA_64.o
                0x0000000000000eb2                PIN_SET_TRIS

.text.avrlibc.fplib
                0x0000000000000f8e       0xdc
 .text.avrlibc.fplib
                0x0000000000000f8e       0xdc c:/program files/microchip/xc8/v2.20/avr/bin/../lib/gcc/avr/5.4.0/../../../../avr/lib/avr5/memx-const\libm.a(divsf3x.o)
                0x0000000000000fae                __divsf3x
                0x0000000000000fb4                __divsf3_pse

.text.avrlibc.fplib
                0x000000000000106a       0xcc
 .text.avrlibc.fplib
                0x000000000000106a       0xcc c:/program files/microchip/xc8/v2.20/avr/bin/../lib/gcc/avr/5.4.0/../../../../avr/lib/avr5/memx-const\libm.a(addsf3x.o)
                0x000000000000108c                __addsf3x

.text.avrlibc   0x0000000000001136       0xbc
 .text.avrlibc  0x0000000000001136       0xbc c:/program files/microchip/xc8/v2.20/avr/bin/../lib/gcc/avr/5.4.0/../../../../avr/lib/avr5/memx-const\libc.a(ultoa_invert.o)
                0x0000000000001136                __ultoa_invert

.text.avrlibc   0x00000000000011f2       0xb8
 .text.avrlibc  0x00000000000011f2       0xb8 c:/program files/microchip/xc8/v2.20/avr/bin/../lib/gcc/avr/5.4.0/../../../../avr/lib/avr5/memx-const\libc.a(rand.o)
                0x0000000000001284                rand_r
                0x000000000000128a                rand
                0x0000000000001294                srand

.text.REG_PARSE_DATA
                0x00000000000012aa       0xb2
 .text.REG_PARSE_DATA
                0x00000000000012aa       0xb2 build/default/production/register.o
                0x00000000000012aa                REG_PARSE_DATA

.text.REG_CONVERT_STR_HEX_TO_DWORD
                0x000000000000135c       0xac
 .text.REG_CONVERT_STR_HEX_TO_DWORD
                0x000000000000135c       0xac build/default/production/register.o
                0x000000000000135c                REG_CONVERT_STR_HEX_TO_DWORD

.text.REG_PARSE_COMPARE
                0x0000000000001408       0x9c
 .text.REG_PARSE_COMPARE
                0x0000000000001408       0x9c build/default/production/register.o
                0x0000000000001408                REG_PARSE_COMPARE

.text.SYSTEM_FUNCT
                0x00000000000014a4       0x90
 .text.SYSTEM_FUNCT
                0x00000000000014a4       0x90 build/default/production/thread.o
                0x00000000000014a4                SYSTEM_FUNCT

.text.REG_SET   0x0000000000001534       0x86
 .text.REG_SET  0x0000000000001534       0x86 build/default/production/register.o
                0x0000000000001534                REG_SET

.text.main      0x00000000000015ba       0x82
 .text.main     0x00000000000015ba       0x82 build/default/production/newmain.o
                0x00000000000015ba                main

.text.REG_CONVERT_STR_DEC_TO_DWORD
                0x000000000000163c       0x7a
 .text.REG_CONVERT_STR_DEC_TO_DWORD
                0x000000000000163c       0x7a build/default/production/register.o
                0x000000000000163c                REG_CONVERT_STR_DEC_TO_DWORD

.text.avrlibc.fplib
                0x00000000000016b6       0x7a
 .text.avrlibc.fplib
                0x00000000000016b6       0x7a c:/program files/microchip/xc8/v2.20/avr/bin/../lib/gcc/avr/5.4.0/../../../../avr/lib/avr5/memx-const\libm.a(floatsisf.o)
                0x00000000000016b6                __floatunsisf
                0x00000000000016ba                __floatsisf

.text.avrlibc   0x0000000000001730       0x78
 .text.avrlibc  0x0000000000001730       0x78 c:/program files/microchip/xc8/v2.20/avr/bin/../lib/gcc/avr/5.4.0/../../../../avr/lib/avr5/memx-const\libc.a(fputc.o)
                0x0000000000001730                fputc

.text.REG_PARSE_INDEX
                0x00000000000017a8       0x6c
 .text.REG_PARSE_INDEX
                0x00000000000017a8       0x6c build/default/production/register.o
                0x00000000000017a8                REG_PARSE_INDEX

.text.avrlibc.fplib
                0x0000000000001814       0x5e
 .text.avrlibc.fplib
                0x0000000000001814       0x5e c:/program files/microchip/xc8/v2.20/avr/bin/../lib/gcc/avr/5.4.0/../../../../avr/lib/avr5/memx-const\libm.a(fixunssfsi.o)
                0x0000000000001814                __fixunssfsi

.text.THREAD_LED_FUNCT
                0x0000000000001872       0x5a
 .text.THREAD_LED_FUNCT
                0x0000000000001872       0x5a build/default/production/newmain.o
                0x0000000000001872                THREAD_LED_FUNCT

.text.EEPROM_WRITE_DWORD
                0x00000000000018cc       0x58
 .text.EEPROM_WRITE_DWORD
                0x00000000000018cc       0x58 build/default/production/eeprom.o
                0x00000000000018cc                EEPROM_WRITE_DWORD

.text.__vector_14
                0x0000000000001924       0x52
 .text.__vector_14
                0x0000000000001924       0x52 build/default/production/ATMEGA_64.o
                0x0000000000001924                __vector_14

.text.__vector_29
                0x0000000000001976       0x52
 .text.__vector_29
                0x0000000000001976       0x52 build/default/production/ATMEGA_64.o
                0x0000000000001976                __vector_29

.text.__vector_30
                0x00000000000019c8       0x52
 .text.__vector_30
                0x00000000000019c8       0x52 build/default/production/ATMEGA_64.o
                0x00000000000019c8                __vector_30

.text.__vector_18
                0x0000000000001a1a       0x50
 .text.__vector_18
                0x0000000000001a1a       0x50 build/default/production/ATMEGA_64.o
                0x0000000000001a1a                __vector_18

.text.THREAD_CHECK
                0x0000000000001a6a       0x4e
 .text.THREAD_CHECK
                0x0000000000001a6a       0x4e build/default/production/thread.o
                0x0000000000001a6a                THREAD_CHECK

.text.REG_TX_ADD
                0x0000000000001ab8       0x4a
 .text.REG_TX_ADD
                0x0000000000001ab8       0x4a build/default/production/register.o
                0x0000000000001ab8                REG_TX_ADD

.text.avrlibc.fplib
                0x0000000000001b02       0x48
 .text.avrlibc.fplib
                0x0000000000001b02       0x48 c:/program files/microchip/xc8/v2.20/avr/bin/../lib/gcc/avr/5.4.0/../../../../avr/lib/avr5/memx-const\libm.a(fp_cmp.o)
                0x0000000000001b02                __fp_cmp

.text.avrlibc   0x0000000000001b4a       0x46
 .text.avrlibc  0x0000000000001b4a       0x46 c:/program files/microchip/xc8/v2.20/avr/bin/../lib/gcc/avr/5.4.0/../../../../avr/lib/avr5/memx-const\libc.a(sprintf.o)
                0x0000000000001b4a                sprintf

.text.avrlibc.fplib
                0x0000000000001b90       0x44
 .text.avrlibc.fplib
                0x0000000000001b90       0x44 c:/program files/microchip/xc8/v2.20/avr/bin/../lib/gcc/avr/5.4.0/../../../../avr/lib/avr5/memx-const\libm.a(fp_split3.o)
                0x0000000000001b90                __fp_split3
                0x0000000000001ba0                __fp_splitA

.text.libgcc.div
                0x0000000000001bd4       0x44
 .text.libgcc.div
                0x0000000000001bd4       0x44 c:/program files/microchip/xc8/v2.20/avr/bin/../lib/gcc/avr/5.4.0/avr5/memx-const\libgcc.a(_udivmodsi4.o)
                0x0000000000001bd4                __udivmodsi4

.text.THREAD_ARRAY_CHECK
                0x0000000000001c18       0x3e
 .text.THREAD_ARRAY_CHECK
                0x0000000000001c18       0x3e build/default/production/thread.o
                0x0000000000001c18                THREAD_ARRAY_CHECK

.text.libgcc.prologue
                0x0000000000001c56       0x38
 .text.libgcc.prologue
                0x0000000000001c56       0x38 c:/program files/microchip/xc8/v2.20/avr/bin/../lib/gcc/avr/5.4.0/avr5/memx-const\libgcc.a(_prologue.o)
                0x0000000000001c56                __prologue_saves__

.text.avrlibc   0x0000000000001c8e       0x36
 .text.avrlibc  0x0000000000001c8e       0x36 c:/program files/microchip/xc8/v2.20/avr/bin/../lib/gcc/avr/5.4.0/../../../../avr/lib/avr5/memx-const\libc.a(strnlen_M.o)
                0x0000000000001c8e                strnlen

.text.libgcc.prologue
                0x0000000000001cc4       0x36
 .text.libgcc.prologue
                0x0000000000001cc4       0x36 c:/program files/microchip/xc8/v2.20/avr/bin/../lib/gcc/avr/5.4.0/avr5/memx-const\libgcc.a(_epilogue.o)
                0x0000000000001cc4                __epilogue_restores__

.text.REG_PROCESS_GET_DATA_DEC
                0x0000000000001cfa       0x2e
 .text.REG_PROCESS_GET_DATA_DEC
                0x0000000000001cfa       0x2e build/default/production/register.o
                0x0000000000001cfa                REG_PROCESS_GET_DATA_DEC

.text.libgcc.div
                0x0000000000001d28       0x2e
 .text.libgcc.div
                0x0000000000001d28       0x2e c:/program files/microchip/xc8/v2.20/avr/bin/../lib/gcc/avr/5.4.0/avr5/memx-const\libgcc.a(_divmodsi4.o)
                0x0000000000001d28                __divmodsi4

.text.PIN_SET_IO
                0x0000000000001d56       0x2c
 .text.PIN_SET_IO
                0x0000000000001d56       0x2c build/default/production/ATMEGA_64.o
                0x0000000000001d56                PIN_SET_IO

.text.TIME_OUT_COUNT_INTERRUPT
                0x0000000000001d82       0x28
 .text.TIME_OUT_COUNT_INTERRUPT
                0x0000000000001d82       0x28 build/default/production/thread.o
                0x0000000000001d82                TIME_OUT_COUNT_INTERRUPT

.text.TIME_OUT_CHECK
                0x0000000000001daa       0x28
 .text.TIME_OUT_CHECK
                0x0000000000001daa       0x28 build/default/production/thread.o
                0x0000000000001daa                TIME_OUT_CHECK

.text.libgcc.div
                0x0000000000001dd2       0x28
 .text.libgcc.div
                0x0000000000001dd2       0x28 c:/program files/microchip/xc8/v2.20/avr/bin/../lib/gcc/avr/5.4.0/avr5/memx-const\libgcc.a(_udivmodhi4.o)
                0x0000000000001dd2                __udivmodhi4

.text.avrlibc   0x0000000000001dfa       0x28
 .text.avrlibc  0x0000000000001dfa       0x28 c:/program files/microchip/xc8/v2.20/avr/bin/../lib/gcc/avr/5.4.0/../../../../avr/lib/avr5/memx-const\libc.a(strchr_M.o)
                0x0000000000001dfa                strchr

.text.avrlibc.fplib
                0x0000000000001e22       0x22
 .text.avrlibc.fplib
                0x0000000000001e22       0x22 c:/program files/microchip/xc8/v2.20/avr/bin/../lib/gcc/avr/5.4.0/../../../../avr/lib/avr5/memx-const\libm.a(fp_round.o)
                0x0000000000001e22                __fp_round

.text.libgcc.mul
                0x0000000000001e44       0x1e
 .text.libgcc.mul
                0x0000000000001e44       0x1e c:/program files/microchip/xc8/v2.20/avr/bin/../lib/gcc/avr/5.4.0/avr5/memx-const\libgcc.a(_umulhisi3.o)
                0x0000000000001e44                __umulhisi3

.text.REG_EEPROM_SET
                0x0000000000001e62       0x1a
 .text.REG_EEPROM_SET
                0x0000000000001e62       0x1a build/default/production/register.o
                0x0000000000001e62                REG_EEPROM_SET

.text.REG_FUNC  0x0000000000001e7c       0x1a
 .text.REG_FUNC
                0x0000000000001e7c       0x1a build/default/production/register.o
                0x0000000000001e7c                REG_FUNC

.text.REG_CHANGE_RANDCODE
                0x0000000000001e96       0x1a
 .text.REG_CHANGE_RANDCODE
                0x0000000000001e96       0x1a build/default/production/register.o
                0x0000000000001e96                REG_CHANGE_RANDCODE

.text.TIMER_1_INTERRUPT_CONNECT
                0x0000000000001eb0       0x18
 .text.TIMER_1_INTERRUPT_CONNECT
                0x0000000000001eb0       0x18 build/default/production/ATMEGA_64.o
                0x0000000000001eb0                TIMER_1_INTERRUPT_CONNECT

.text.REG_GET   0x0000000000001ec8       0x18
 .text.REG_GET  0x0000000000001ec8       0x18 build/default/production/register.o
                0x0000000000001ec8                REG_GET

.text.RS485_SEND
                0x0000000000001ee0       0x16
 .text.RS485_SEND
                0x0000000000001ee0       0x16 build/default/production/newmain.o
                0x0000000000001ee0                RS485_SEND

.text.libgcc.mul
                0x0000000000001ef6       0x16
 .text.libgcc.mul
                0x0000000000001ef6       0x16 c:/program files/microchip/xc8/v2.20/avr/bin/../lib/gcc/avr/5.4.0/avr5/memx-const\libgcc.a(_muluhisi3.o)
                0x0000000000001ef6                __muluhisi3

.text.TIMER_1_INTERRUPT
                0x0000000000001f0c       0x14
 .text.TIMER_1_INTERRUPT
                0x0000000000001f0c       0x14 build/default/production/ATMEGA_64.o
                0x0000000000001f0c                TIMER_1_INTERRUPT

.text.REG_GET_FLAG
                0x0000000000001f20       0x14
 .text.REG_GET_FLAG
                0x0000000000001f20       0x14 build/default/production/register.o
                0x0000000000001f20                REG_GET_FLAG

.text.TIMER_3_INTERRUPT_FUNCT
                0x0000000000001f34       0x12
 .text.TIMER_3_INTERRUPT_FUNCT
                0x0000000000001f34       0x12 build/default/production/ATMEGA_64.o
                0x0000000000001f34                TIMER_3_INTERRUPT_FUNCT

.text.libgcc.div
                0x0000000000001f46       0x10
 .text.libgcc.div
                0x0000000000001f46       0x10 c:/program files/microchip/xc8/v2.20/avr/bin/../lib/gcc/avr/5.4.0/avr5/memx-const\libgcc.a(_negsi2.o)
                0x0000000000001f46                __negsi2

.text.libgcc.mul
                0x0000000000001f56       0x10
 .text.libgcc.mul
                0x0000000000001f56       0x10 c:/program files/microchip/xc8/v2.20/avr/bin/../lib/gcc/avr/5.4.0/avr5/memx-const\libgcc.a(_mulshisi3.o)
                0x0000000000001f56                __mulshisi3
                0x0000000000001f5c                __mulohisi3

.text.SYSTEM_CONTROL_ALL
                0x0000000000001f66        0xe
 .text.SYSTEM_CONTROL_ALL
                0x0000000000001f66        0xe build/default/production/newmain.o
                0x0000000000001f66                SYSTEM_CONTROL_ALL

.text.THREAD_INIT
                0x0000000000001f74        0xe
 .text.THREAD_INIT
                0x0000000000001f74        0xe build/default/production/thread.o
                0x0000000000001f74                THREAD_INIT

.text.TIMER_1_INTERRUPT_FUNCT
                0x0000000000001f82        0xe
 .text.TIMER_1_INTERRUPT_FUNCT
                0x0000000000001f82        0xe build/default/production/ATMEGA_64.o
                0x0000000000001f82                TIMER_1_INTERRUPT_FUNCT

.text.EEPROM_SET
                0x0000000000001f90        0xe
 .text.EEPROM_SET
                0x0000000000001f90        0xe build/default/production/eeprom.o
                0x0000000000001f90                EEPROM_SET

.text.avrlibc.fplib
                0x0000000000001f9e        0xe
 .text.avrlibc.fplib
                0x0000000000001f9e        0xe c:/program files/microchip/xc8/v2.20/avr/bin/../lib/gcc/avr/5.4.0/../../../../avr/lib/avr5/memx-const\libm.a(addsf3.o)
                0x0000000000001f9e                __subsf3
                0x0000000000001fa0                __addsf3

.text.avrlibc.fplib
                0x0000000000001fac        0xe
 .text.avrlibc.fplib
                0x0000000000001fac        0xe c:/program files/microchip/xc8/v2.20/avr/bin/../lib/gcc/avr/5.4.0/../../../../avr/lib/avr5/memx-const\libm.a(fp_pscA.o)
                0x0000000000001fac                __fp_pscA

.text.avrlibc.fplib
                0x0000000000001fba        0xe
 .text.avrlibc.fplib
                0x0000000000001fba        0xe c:/program files/microchip/xc8/v2.20/avr/bin/../lib/gcc/avr/5.4.0/../../../../avr/lib/avr5/memx-const\libm.a(fp_pscB.o)
                0x0000000000001fba                __fp_pscB

.text.avrlibc.fplib
                0x0000000000001fc8        0xe
 .text.avrlibc.fplib
                0x0000000000001fc8        0xe c:/program files/microchip/xc8/v2.20/avr/bin/../lib/gcc/avr/5.4.0/../../../../avr/lib/avr5/memx-const\libm.a(fp_zero.o)
                0x0000000000001fc8                __fp_zero
                0x0000000000001fca                __fp_szero

.text.THREAD_UART_1_RX_FUNCT
                0x0000000000001fd6        0xc
 .text.THREAD_UART_1_RX_FUNCT
                0x0000000000001fd6        0xc build/default/production/newmain.o
                0x0000000000001fd6                THREAD_UART_1_RX_FUNCT

.text.INTERRUPT_ALL
                0x0000000000001fe2        0xc
 .text.INTERRUPT_ALL
                0x0000000000001fe2        0xc build/default/production/ATMEGA_64.o
                0x0000000000001fe2                INTERRUPT_ALL

.text.avrlibc.fplib
                0x0000000000001fee        0xc
 .text.avrlibc.fplib
                0x0000000000001fee        0xc c:/program files/microchip/xc8/v2.20/avr/bin/../lib/gcc/avr/5.4.0/../../../../avr/lib/avr5/memx-const\libm.a(fp_inf.o)
                0x0000000000001fee                __fp_inf

.text.REG_GET_RANDCODE
                0x0000000000001ffa        0xa
 .text.REG_GET_RANDCODE
                0x0000000000001ffa        0xa build/default/production/register.o
                0x0000000000001ffa                REG_GET_RANDCODE

.text.avrlibc.fplib
                0x0000000000002004        0xa
 .text.avrlibc.fplib
                0x0000000000002004        0xa c:/program files/microchip/xc8/v2.20/avr/bin/../lib/gcc/avr/5.4.0/../../../../avr/lib/avr5/memx-const\libm.a(cmpsf2.o)
                0x0000000000002004                __nesf2
                0x0000000000002004                __eqsf2
                0x0000000000002004                __cmpsf2
                0x0000000000002004                __ltsf2
                0x0000000000002004                __lesf2

.text.REG_SET_UNLOCK_START
                0x000000000000200e        0x8
 .text.REG_SET_UNLOCK_START
                0x000000000000200e        0x8 build/default/production/register.o
                0x000000000000200e                REG_SET_UNLOCK_START

.text.avrlibc.fplib
                0x0000000000002016        0x8
 .text.avrlibc.fplib
                0x0000000000002016        0x8 c:/program files/microchip/xc8/v2.20/avr/bin/../lib/gcc/avr/5.4.0/../../../../avr/lib/avr5/memx-const\libm.a(divsf3.o)
                0x0000000000002016                __divsf3

.text.SYSTEM_FUNCT_GET_STATE
                0x000000000000201e        0x6
 .text.SYSTEM_FUNCT_GET_STATE
                0x000000000000201e        0x6 build/default/production/thread.o
                0x000000000000201e                SYSTEM_FUNCT_GET_STATE

.text.REG_SET_UNLOCK_STOP
                0x0000000000002024        0x6
 .text.REG_SET_UNLOCK_STOP
                0x0000000000002024        0x6 build/default/production/register.o
                0x0000000000002024                REG_SET_UNLOCK_STOP

.text.REG_GET_UNLOCK
                0x000000000000202a        0x6
 .text.REG_GET_UNLOCK
                0x000000000000202a        0x6 build/default/production/register.o
                0x000000000000202a                REG_GET_UNLOCK

.text.avrlibc.fplib
                0x0000000000002030        0x6
 .text.avrlibc.fplib
                0x0000000000002030        0x6 c:/program files/microchip/xc8/v2.20/avr/bin/../lib/gcc/avr/5.4.0/../../../../avr/lib/avr5/memx-const\libm.a(fp_nan.o)
                0x0000000000002030                __fp_nan

.text           0x0000000000002036        0x4
 .text          0x0000000000002036        0x4 C:/Program Files/Microchip/MPLABX/v5.50/packs/Microchip/ATmega_DFP/2.3.126/xc8/avr/lib/avr5/memx-const/crtatmega64.o
                0x0000000000002036                __vector_22
                0x0000000000002036                __vector_28
                0x0000000000002036                __vector_1
                0x0000000000002036                __vector_32
                0x0000000000002036                __vector_34
                0x0000000000002036                __vector_24
                0x0000000000002036                __vector_12
                0x0000000000002036                __bad_interrupt
                0x0000000000002036                __vector_6
                0x0000000000002036                __vector_31
                0x0000000000002036                __vector_3
                0x0000000000002036                __vector_23
                0x0000000000002036                __vector_25
                0x0000000000002036                __vector_11
                0x0000000000002036                __vector_13
                0x0000000000002036                __vector_17
                0x0000000000002036                __vector_19
                0x0000000000002036                __vector_7
                0x0000000000002036                __vector_27
                0x0000000000002036                __vector_5
                0x0000000000002036                __vector_33
                0x0000000000002036                __vector_4
                0x0000000000002036                __vector_9
                0x0000000000002036                __vector_2
                0x0000000000002036                __vector_21
                0x0000000000002036                __vector_15
                0x0000000000002036                __vector_8
                0x0000000000002036                __vector_26
                0x0000000000002036                __vector_10
                0x0000000000002036                __vector_16
                0x0000000000002036                __vector_20

.text.THREAD_UART_2_RX_FUNCT
                0x000000000000203a        0x4
 .text.THREAD_UART_2_RX_FUNCT
                0x000000000000203a        0x4 build/default/production/newmain.o
                0x000000000000203a                THREAD_UART_2_RX_FUNCT

.data           0x00000000008002c4        0x4 load address 0x000000000000203e
 .data          0x00000000008002c4        0x4 c:/program files/microchip/xc8/v2.20/avr/bin/../lib/gcc/avr/5.4.0/../../../../avr/lib/avr5/memx-const\libc.a(rand.o)
