Microchip MPLAB XC8 Compiler V2.46

Linker command line:

-W-3 \
  --edf=C:\Program Files\Microchip\xc8\v2.46\pic\dat\20240104201356_en.msgs \
  -cn -h+dist/default/production\TEST.X.production.sym \
  --cmf=dist/default/production\TEST.X.production.cmf -z -Q18F87K22 \
  -oC:\Users\SERT\AppData\Local\Temp\xcBscmc.1\driver_tmp_3.o \
  --defsym=__MPLAB_BUILD=1 --fixupoverflow=error \
  -Mdist/default/production/TEST.X.production.map \
  --md=C:\Users\SERT\AppData\Local\Temp\xcBscmc.1\driver_tmp_0.dat -E1 \
  -ver=XC8 Compiler --acfsm=1493 -ACODE=00h-01FFFFh -ACONST=00h-01FFFFh \
  -ASMALLCONST=01000h-010FFhx496 \
  -AMEDIUMCONST=01000h-0FFFFh,011000h-01FFFFh -ACOMRAM=01h-05Fh \
  -AABS1=00h-0F15h -ABIGRAM=01h-0F15h \
  -ARAM=060h-0FFh,0100h-01FFhx14,0F00h-0F15h -ABANK0=060h-0FFh \
  -ABANK1=0100h-01FFh -ABANK2=0200h-02FFh -ABANK3=0300h-03FFh \
  -ABANK4=0400h-04FFh -ABANK5=0500h-05FFh -ABANK6=0600h-06FFh \
  -ABANK7=0700h-07FFh -ABANK8=0800h-08FFh -ABANK9=0900h-09FFh \
  -ABANK10=0A00h-0AFFh -ABANK11=0B00h-0BFFh -ABANK12=0C00h-0CFFh \
  -ABANK13=0D00h-0DFFh -ABANK14=0E00h-0EFFh -ABANK15=0F00h-0F15h \
  -ASFR=0F16h-0F5Fh,0F60h-0FFFh -ABIGSFR=0F16h-0FFFh \
  -ACONFIG=0300000h-030000Dh -AIDLOC=0200000h-0200007h \
  -AEEDATA=0F00000h-0F003FFh -peeprom_data=EEDATA \
  -preset_vec=00h,intcode=8h,intcodelo,powerup,init -pramtop=01000h \
  -psmallconst=SMALLCONST -pmediumconst=MEDIUMCONST -pconst=CONST \
  -AFARRAM=00h-00h \
  -prdata=COMRAM,nvrram=COMRAM,nvbit=COMRAM,rbss=COMRAM,rbit=COMRAM \
  -pfarbss=FARRAM,fardata=FARRAM,nvFARRAM=FARRAM \
  -pintsave_regs=BIGRAM,bigbss=BIGRAM,bigdata=BIGRAM -pbss=RAM \
  -pidata=CODE,irdata=CODE,ibigdata=CODE,ifardata=CODE -prparam=COMRAM \
  C:\Users\SERT\AppData\Local\Temp\xcBscmc.1\driver_tmp_14.o \
  dist/default/production\TEST.X.production.o 

Object code version is 3.11

Machine type is 18F87K22



                Name                               Link     Load   Length Selector   Space Scale
C:\Users\SERT\AppData\Local\Temp\xcBscmc.1\driver_tmp_14.o
                idloc                            200000   200000        8        0       5
                config                           300000   300000        E        0       4
                init                                 BE       BE        4        4       0
                reset_vec                             0        0        4        0       0
dist/default/production\TEST.X.production.o
                intcode                               8        8       B6        4       0
                idloc                            200000   200000        8        0       5
                config                           300000   300000        E        0       4
                temp                                 55       55        1        1       1
                mediumconst                        E8B6     E8B6     174A     745B       0
                text92                            12460    12460       44     8000       0
                text91                            118DE    118DE       C2     8000       0
                text90                            12BAE    12BAE        C     8000       0
                text89                            12BA2    12BA2        C     8000       0
                text88                            12B96    12B96        C     8000       0
                text87                            12B70    12B70        E     8000       0
                text86                            12B8A    12B8A        C     8000       0
                text84                            11AFC    11AFC       A8     8000       0
                text83                            11A54    11A54       A8     8000       0
                text82                            12A8A    12A8A       1E     8000       0
                text81                            11DD8    11DD8       82     8000       0
                text80                            12212    12212       60     8000       0
                text79                            12B10    12B10       12     8000       0
                text78                            12BC4    12BC4        A     8000       0
                text77                            125C2    125C2       32     8000       0
                text76                            112C0    112C0       FE     8000       0
                text75                            1251E    1251E       3A     8000       0
                text74                            12A48    12A48       24     8000       0
                text73                            12866    12866       2C     8000       0
                text72                            1283A    1283A       2C     8000       0
                text71                            1280E    1280E       2C     8000       0
                text70                            127E2    127E2       2C     8000       0
                text69                            12A24    12A24       24     8000       0
                text68                            12A00    12A00       24     8000       0
                text67                            129DC    129DC       24     8000       0
                text66                            126AC    126AC       2E     8000       0
                text65                            1267E    1267E       2E     8000       0
                text64                            12650    12650       2E     8000       0
                text63                            12622    12622       2E     8000       0
                text62                            127B6    127B6       2C     8000       0
                text61                            1278A    1278A       2C     8000       0
                text60                            129B8    129B8       24     8000       0
                text59                            12994    12994       24     8000       0
                text58                            1275E    1275E       2C     8000       0
                text57                            12970    12970       24     8000       0
                text56                            1294C    1294C       24     8000       0
                text55                            12732    12732       2C     8000       0
                text54                            125F4    125F4       2E     8000       0
                text53                            12706    12706       2C     8000       0
                text52                            12928    12928       24     8000       0
                text51                            12904    12904       24     8000       0
                text50                            12272    12272       5A     8000       0
                text49                            126DA    126DA       2C     8000       0
                text48                            12A6C    12A6C       1E     8000       0
                text47                            12BBA    12BBA        A     8000       0
                text46                            12AA8    12AA8       1A     8000       0
                text45                            12B52    12B52       10     8000       0
                text44                            12B62    12B62        E     8000       0
                text43                            11CCA    11CCA       8A     8000       0
                text42                            114AA    114AA       E8     8000       0
                text41                            10E26    10E26      14C     8000       0
                text40                            11D54    11D54       84     8000       0
                text39                            128BA    128BA       26     8000       0
                text38                            108FC    108FC      30C     8000       0
                text37                            121A2    121A2       70     8000       0
                text36                            12892    12892       28     8000       0
                text35                            12BD4    12BD4        2     8000       0
                text34                            11E5A    11E5A       80     8000       0
                text33                            105EE    105EE      30E     8000       0
                text32                            124E4    124E4       3A     8000       0
                text31                            12558    12558       38     8000       0
                text30                            1241C    1241C       44     8000       0
                text29                            120BE    120BE       74     8000       0
                text28                            12132    12132       70     8000       0
                text27                            111B2    111B2      10E     8000       0
                text26                            11096    11096      11C     8000       0
                text25                            1173E    1173E       D2     8000       0
                text24                            10C08    10C08      21E     8000       0
                text23                            10000    10000      5EE     8000       0
                text22                            123CC    123CC       50     8000       0
                text21                            11C3A    11C3A       90     8000       0
                text20                            11F56    11F56       7C     8000       0
                text19                            1166C    1166C       D2     8000       0
                text18                            12AEA    12AEA       14     8000       0
                text17                            12322    12322       56     8000       0
                text16                            12378    12378       54     8000       0
                text15                            124A4    124A4       40     8000       0
                text14                            12BCE    12BCE        6     8000       0
                text13                            12AD6    12AD6       14     8000       0
                text12                            12B42    12B42       10     8000       0
                text11                            11592    11592       DA     8000       0
                text10                            1204A    1204A       74     8000       0
                text9                             11EDA    11EDA       7C     8000       0
                text8                             12AFE    12AFE       12     8000       0
                text7                             12B32    12B32       10     8000       0
                text6                             122CC    122CC       56     8000       0
                text5                             10F72    10F72      124     8000       0
                text4                             12B22    12B22       10     8000       0
                text3                             11BA4    11BA4       96     8000       0
                text2                             12B7E    12B7E        C     8000       0
                text1                             12590    12590       32     8000       0
                text0                             113BE    113BE       EC     8000       0
                cstackCOMRAM                          1        1       4A        1       1
                cstackBANK0                          B4       B4       28       60       1
                cstackBANK2                         2E8      2E8        A      200       1
                bssBIGRAM                           3B4      3B4      790      3B4       1
                dataBANK3                           300      300       B4      300       1
                dataBANK2                           200      200       78      200       1
                bssBANK2                            278      278       70      200       1
                dataBANK1                           1EB      1EB       14      100       1
                bssBANK1                            100      100       EB      100       1
                dataBANK0                            DC       DC       24       60       1
                bssBANK0                             60       60       54       60       1
                bssCOMRAM                            4B       4B        A        1       1
                cinit                             11810    11810       CE     8000       0
                idataBANK3                        119A0    119A0       B4     8000       0
                idataBANK2                        11FD2    11FD2       78     8000       0
                idataBANK1                        12AC2    12AC2       14     8000       0
                idataBANK0                        128E0    128E0       24     8000       0

TOTAL           Name                               Link     Load   Length     Space
        CLASS   CODE           
                intcode                               8        8       B6         0
                init                                 BE       BE        4         0
                reset_vec                             0        0        4         0
                text92                            12460    12460       44         0
                text91                            118DE    118DE       C2         0
                text90                            12BAE    12BAE        C         0
                text89                            12BA2    12BA2        C         0
                text88                            12B96    12B96        C         0
                text87                            12B70    12B70        E         0
                text86                            12B8A    12B8A        C         0
                text84                            11AFC    11AFC       A8         0
                text83                            11A54    11A54       A8         0
                text82                            12A8A    12A8A       1E         0
                text81                            11DD8    11DD8       82         0
                text80                            12212    12212       60         0
                text79                            12B10    12B10       12         0
                text78                            12BC4    12BC4        A         0
                text77                            125C2    125C2       32         0
                text76                            112C0    112C0       FE         0
                text75                            1251E    1251E       3A         0
                text74                            12A48    12A48       24         0
                text73                            12866    12866       2C         0
                text72                            1283A    1283A       2C         0
                text71                            1280E    1280E       2C         0
                text70                            127E2    127E2       2C         0
                text69                            12A24    12A24       24         0
                text68                            12A00    12A00       24         0
                text67                            129DC    129DC       24         0
                text66                            126AC    126AC       2E         0
                text65                            1267E    1267E       2E         0
                text64                            12650    12650       2E         0
                text63                            12622    12622       2E         0
                text62                            127B6    127B6       2C         0
                text61                            1278A    1278A       2C         0
                text60                            129B8    129B8       24         0
                text59                            12994    12994       24         0
                text58                            1275E    1275E       2C         0
                text57                            12970    12970       24         0
                text56                            1294C    1294C       24         0
                text55                            12732    12732       2C         0
                text54                            125F4    125F4       2E         0
                text53                            12706    12706       2C         0
                text52                            12928    12928       24         0
                text51                            12904    12904       24         0
                text50                            12272    12272       5A         0
                text49                            126DA    126DA       2C         0
                text48                            12A6C    12A6C       1E         0
                text47                            12BBA    12BBA        A         0
                text46                            12AA8    12AA8       1A         0
                text45                            12B52    12B52       10         0
                text44                            12B62    12B62        E         0
                text43                            11CCA    11CCA       8A         0
                text42                            114AA    114AA       E8         0
                text41                            10E26    10E26      14C         0
                text40                            11D54    11D54       84         0
                text39                            128BA    128BA       26         0
                text38                            108FC    108FC      30C         0
                text37                            121A2    121A2       70         0
                text36                            12892    12892       28         0
                text35                            12BD4    12BD4        2         0
                text34                            11E5A    11E5A       80         0
                text33                            105EE    105EE      30E         0
                text32                            124E4    124E4       3A         0
                text31                            12558    12558       38         0
                text30                            1241C    1241C       44         0
                text29                            120BE    120BE       74         0
                text28                            12132    12132       70         0
                text27                            111B2    111B2      10E         0
                text26                            11096    11096      11C         0
                text25                            1173E    1173E       D2         0
                text24                            10C08    10C08      21E         0
                text23                            10000    10000      5EE         0
                text22                            123CC    123CC       50         0
                text21                            11C3A    11C3A       90         0
                text20                            11F56    11F56       7C         0
                text19                            1166C    1166C       D2         0
                text18                            12AEA    12AEA       14         0
                text17                            12322    12322       56         0
                text16                            12378    12378       54         0
                text15                            124A4    124A4       40         0
                text14                            12BCE    12BCE        6         0
                text13                            12AD6    12AD6       14         0
                text12                            12B42    12B42       10         0
                text11                            11592    11592       DA         0
                text10                            1204A    1204A       74         0
                text9                             11EDA    11EDA       7C         0
                text8                             12AFE    12AFE       12         0
                text7                             12B32    12B32       10         0
                text6                             122CC    122CC       56         0
                text5                             10F72    10F72      124         0
                text4                             12B22    12B22       10         0
                text3                             11BA4    11BA4       96         0
                text2                             12B7E    12B7E        C         0
                text1                             12590    12590       32         0
                text0                             113BE    113BE       EC         0
                cinit                             11810    11810       CE         0
                idataBANK3                        119A0    119A0       B4         0
                idataBANK2                        11FD2    11FD2       78         0
                idataBANK1                        12AC2    12AC2       14         0
                idataBANK0                        128E0    128E0       24         0

        CLASS   CONST          

        CLASS   SMALLCONST     

        CLASS   MEDIUMCONST    
                mediumconst                        E8B6     E8B6     174A         0

        CLASS   COMRAM         
                temp                                 55       55        1         1
                cstackCOMRAM                          1        1       4A         1
                bssCOMRAM                            4B       4B        A         1

        CLASS   ABS1           

        CLASS   BIGRAM         
                bssBIGRAM                           3B4      3B4      790         1

        CLASS   RAM            

        CLASS   BANK0          
                cstackBANK0                          B4       B4       28         1
                dataBANK0                            DC       DC       24         1
                bssBANK0                             60       60       54         1

        CLASS   BANK1          
                dataBANK1                           1EB      1EB       14         1
                bssBANK1                            100      100       EB         1

        CLASS   BANK2          
                cstackBANK2                         2E8      2E8        A         1
                dataBANK2                           200      200       78         1
                bssBANK2                            278      278       70         1

        CLASS   BANK3          
                dataBANK3                           300      300       B4         1

        CLASS   BANK4          

        CLASS   BANK5          

        CLASS   BANK6          

        CLASS   BANK7          

        CLASS   BANK8          

        CLASS   BANK9          

        CLASS   BANK10         

        CLASS   BANK11         

        CLASS   BANK12         

        CLASS   BANK13         

        CLASS   BANK14         

        CLASS   BANK15         

        CLASS   SFR            

        CLASS   BIGSFR         

        CLASS   CONFIG         
                config                           300000   300000        E         4

        CLASS   IDLOC          
                idloc                            200000   200000        8         5

        CLASS   EEDATA         

        CLASS   FARRAM         

        CLASS   HEAP           

        CLASS   STACK          



SEGMENTS        Name                           Load    Length   Top    Selector   Space  Class

                reset_vec                      000000  000004  000004         0       0  CODE    
                cstackCOMRAM                   000001  000055  000056         1       1  COMRAM  
                intcode                        000008  0000BA  0000C2         4       0  CODE    
                bssBANK0                       000060  0000A0  000100        60       1  BANK0   
                bssBANK1                       000100  0000FF  0001FF       100       1  BANK1   
                dataBANK2                      000200  0000F2  0002F2       200       1  BANK2   
                dataBANK3                      000300  0000B4  0003B4       300       1  BANK3   
                bssBIGRAM                      0003B4  000790  000B44       3B4       1  BIGRAM  
                mediumconst                    00E8B6  00174A  010000      745B       0  MEDIUMCO
                text23                         010000  002BD6  012BD6      8000       0  CODE    


UNUSED ADDRESS RANGES

        Name                Unused          Largest block    Delta
        BANK1            0001FF-0001FF                1
        BANK11           000B44-000BFF               BC
        BANK12           000C00-000CFF              100
        BANK13           000D00-000DFF              100
        BANK14           000E00-000EFF              100
        BANK15           000F00-000F15               16
        BANK2            0002F2-0002FF                E
        BIGRAM           000056-00005F                A
                         0001FF-0001FF                1
                         0002F2-0002FF                E
                         000B44-000F15              3D2
        BIGSFR           000F16-000FFF               EA
        CODE             000004-000007                4
                         0000C2-00E8B5             E7F4
                         012BD6-01FFFF             D42A
        COMRAM           000056-00005F                A
        CONST            000004-000007                4
                         0000C2-00E8B5             E7F4
                         012BD6-01FFFF             D42A
        EEDATA           F00000-F003FF              400
        MEDIUMCONST      001000-00E8B5             D8B6
                         012BD6-01FFFF             D42A
        RAM              0001FF-0001FF                1
                         0002F2-0002FF                E
                         000B44-000F15              100
        SFR              000F16-000FFF               4A
        SMALLCONST       001000-00E8B5              100
                         012BD6-01FFFF              100

                                  Symbol Table

?_MENU_FUNCT_ARM_DROP_MODE                cstackCOMRAM 00000A
?_MENU_FUNCT_ARM_MOTOR_BREAK_SPEED        cstackCOMRAM 00000A
?_MENU_FUNCT_ARM_MOTOR_MODE               cstackCOMRAM 00000A
?_MENU_FUNCT_ARM_MOTOR_SPEED              cstackCOMRAM 00000A
?_MENU_FUNCT_COUNTER_A_FIX                cstackCOMRAM 00000A
?_MENU_FUNCT_COUNTER_A_TEMP               cstackCOMRAM 00000A
?_MENU_FUNCT_COUNTER_B_FIX                cstackCOMRAM 00000A
?_MENU_FUNCT_COUNTER_B_TEMP               cstackCOMRAM 00000A
?_MENU_FUNCT_EMG_MODE                     cstackCOMRAM 00000A
?_MENU_FUNCT_INPUT_BUFFER                 cstackCOMRAM 00000A
?_MENU_FUNCT_INPUT_MODE                   cstackCOMRAM 00000A
?_MENU_FUNCT_INPUT_TIME_OUT               cstackCOMRAM 00000A
?_MENU_FUNCT_RANDOM_A_AMOUNT              cstackCOMRAM 00000A
?_MENU_FUNCT_RANDOM_A_MODE                cstackCOMRAM 00000A
?_MENU_FUNCT_RANDOM_B_AMOUNT              cstackCOMRAM 00000A
?_MENU_FUNCT_RANDOM_B_MODE                cstackCOMRAM 00000A
?_MENU_FUNCT_RELAY_ALARM_MODE             cstackCOMRAM 00000A
?_MENU_FUNCT_RELAY_ALARM_TIME             cstackCOMRAM 00000A
?_MENU_FUNCT_RELAY_A_MODE                 cstackCOMRAM 00000A
?_MENU_FUNCT_RELAY_A_TIME                 cstackCOMRAM 00000A
?_MENU_FUNCT_RELAY_BUSY_MODE              cstackCOMRAM 00000A
?_MENU_FUNCT_RELAY_BUSY_TIME              cstackCOMRAM 00000A
?_MENU_FUNCT_RELAY_B_MODE                 cstackCOMRAM 00000A
?_MENU_FUNCT_RELAY_B_TIME                 cstackCOMRAM 00000A
?___awdiv                                 cstackCOMRAM 00000A
?___awmod                                 cstackCOMRAM 00000A
?___lldiv                                 cstackCOMRAM 00000A
?___lmul                                  cstackCOMRAM 000017
?___wmul                                  cstackCOMRAM 000012
?_abs                                     cstackCOMRAM 000010
?_sprintf                                 cstackCOMRAM 000029
?_strlen                                  cstackCOMRAM 00000A
?_vfprintf                                cstackCOMRAM 000023
I2C_1_INIT@baudrate                       cstackCOMRAM 000017
I2C_1_READY@temp                          cstackCOMRAM 00000A
I2C_1_WRITE@data                          cstackCOMRAM 00000B
INTERRUPT_ALL@openOrClose                 cstackCOMRAM 00000A
LED_SLEEPING@fast_counter                 bssBANK1     00018A
LED_SLEEPING@pwm_direction                bssBANK1     000176
LED_SLEEPING@pwm_holder                   bssBANK1     000180
LED_SONSUZ_TUR@fast_counter               bssBANK1     00016C
LED_SONSUZ_TUR@kayma_place                bssBANK1     000158
LED_THREAD@threadIndex                    cstackCOMRAM 000011
LED_THREAD@timer                          bssBANK0     0000B0
LED_TOGGLE_DATA@fast_counter              bssBANK1     00019E
LED_TOGGLE_DATA@toggle_flag               bssBANK1     000194
MENU_ANA_INIT@MENU_ANA_MENU_ANA_t         cstackCOMRAM 00000A
MENU_BUTON_ADD@process                    cstackCOMRAM 000001
MENU_FUNCT_ARM_DROP_MODE@data             cstackCOMRAM 00000A
MENU_FUNCT_ARM_DROP_MODE@komut            cstackCOMRAM 00000C
MENU_FUNCT_ARM_MOTOR_BREAK_SPEED@data     cstackCOMRAM 00000A
MENU_FUNCT_ARM_MOTOR_BREAK_SPEED@komut    cstackCOMRAM 00000C
MENU_FUNCT_ARM_MOTOR_MODE@data            cstackCOMRAM 00000A
MENU_FUNCT_ARM_MOTOR_MODE@komut           cstackCOMRAM 00000C
MENU_FUNCT_ARM_MOTOR_SPEED@data           cstackCOMRAM 00000A
MENU_FUNCT_ARM_MOTOR_SPEED@komut          cstackCOMRAM 00000C
MENU_FUNCT_COUNTER_A_FIX@data             cstackCOMRAM 00000A
MENU_FUNCT_COUNTER_A_FIX@komut            cstackCOMRAM 00000C
MENU_FUNCT_COUNTER_A_TEMP@data            cstackCOMRAM 00000A
MENU_FUNCT_COUNTER_A_TEMP@komut           cstackCOMRAM 00000C
MENU_FUNCT_COUNTER_B_FIX@data             cstackCOMRAM 00000A
MENU_FUNCT_COUNTER_B_FIX@komut            cstackCOMRAM 00000C
MENU_FUNCT_COUNTER_B_TEMP@data            cstackCOMRAM 00000A
MENU_FUNCT_COUNTER_B_TEMP@komut           cstackCOMRAM 00000C
MENU_FUNCT_EMG_MODE@data                  cstackCOMRAM 00000A
MENU_FUNCT_EMG_MODE@komut                 cstackCOMRAM 00000C
MENU_FUNCT_INPUT_BUFFER@data              cstackCOMRAM 00000A
MENU_FUNCT_INPUT_BUFFER@komut             cstackCOMRAM 00000C
MENU_FUNCT_INPUT_MODE@data                cstackCOMRAM 00000A
MENU_FUNCT_INPUT_MODE@komut               cstackCOMRAM 00000C
MENU_FUNCT_INPUT_TIME_OUT@data            cstackCOMRAM 00000A
MENU_FUNCT_INPUT_TIME_OUT@komut           cstackCOMRAM 00000C
MENU_FUNCT_RANDOM_A_AMOUNT@data           cstackCOMRAM 00000A
MENU_FUNCT_RANDOM_A_AMOUNT@komut          cstackCOMRAM 00000C
MENU_FUNCT_RANDOM_A_MODE@data             cstackCOMRAM 00000A
MENU_FUNCT_RANDOM_A_MODE@komut            cstackCOMRAM 00000C
MENU_FUNCT_RANDOM_B_AMOUNT@data           cstackCOMRAM 00000A
MENU_FUNCT_RANDOM_B_AMOUNT@komut          cstackCOMRAM 00000C
MENU_FUNCT_RANDOM_B_MODE@data             cstackCOMRAM 00000A
MENU_FUNCT_RANDOM_B_MODE@komut            cstackCOMRAM 00000C
MENU_FUNCT_RELAY_ALARM_MODE@data          cstackCOMRAM 00000A
MENU_FUNCT_RELAY_ALARM_MODE@komut         cstackCOMRAM 00000C
MENU_FUNCT_RELAY_ALARM_TIME@data          cstackCOMRAM 00000A
MENU_FUNCT_RELAY_ALARM_TIME@komut         cstackCOMRAM 00000C
MENU_FUNCT_RELAY_A_MODE@data              cstackCOMRAM 00000A
MENU_FUNCT_RELAY_A_MODE@komut             cstackCOMRAM 00000C
MENU_FUNCT_RELAY_A_TIME@data              cstackCOMRAM 00000A
MENU_FUNCT_RELAY_A_TIME@komut             cstackCOMRAM 00000C
MENU_FUNCT_RELAY_BUSY_MODE@data           cstackCOMRAM 00000A
MENU_FUNCT_RELAY_BUSY_MODE@komut          cstackCOMRAM 00000C
MENU_FUNCT_RELAY_BUSY_TIME@data           cstackCOMRAM 00000A
MENU_FUNCT_RELAY_BUSY_TIME@komut          cstackCOMRAM 00000C
MENU_FUNCT_RELAY_B_MODE@data              cstackCOMRAM 00000A
MENU_FUNCT_RELAY_B_MODE@komut             cstackCOMRAM 00000C
MENU_FUNCT_RELAY_B_TIME@data              cstackCOMRAM 00000A
MENU_FUNCT_RELAY_B_TIME@komut             cstackCOMRAM 00000C
MENU_GIR@Menu                             cstackCOMRAM 00000A
MENU_GIR@komut                            cstackCOMRAM 00000C
MENU_INIT@MENU_CLEAR_t                    cstackCOMRAM 00000A
MENU_INIT@MENU_UPDATE_t                   cstackCOMRAM 00000D
MENU_INIT@MENU_WRITE_DEC_t                cstackCOMRAM 000013
MENU_INIT@MENU_WRITE_TEXT_t               cstackCOMRAM 000010
MENU_SHOW_DATA_PRINT@data                 cstackBANK0  0000D6
MENU_SHOW_DATA_PRINT@text                 cstackBANK0  0000D4
MENU_TEXT_PRINT@index                     cstackCOMRAM 000041
MENU_TEXT_PRINT@msg                       cstackBANK0  0000B4
MENU_TEXT_PRINT@text                      cstackCOMRAM 00003F
MENU_USE_SELECT@data                      cstackCOMRAM 000041
MENU_USE_SELECT@index                     cstackCOMRAM 000043
MENU_USE_SELECT@msg                       cstackBANK0  0000B4
MENU_USE_SELECT@ust_yazi                  cstackCOMRAM 00003F
MENU_USE_VAL@data                         cstackBANK0  0000DA
MENU_USE_VAL@data_max                     cstackBANK0  0000D6
MENU_USE_VAL@data_min                     cstackBANK0  0000D8
MENU_USE_VAL@ust_yazi                     cstackBANK0  0000D4
MENU_WORK@MENU_MOVEMENT                   cstackCOMRAM 00004A
MENU_WORK@MENU_SHOW_FLAG                  bssBANK0     0000A9
MENU_WORK@MENU_TEMP_VAL                   bssBANK0     000097
MENU_WORK@VAL_CHANGE_FLAG                 bssBANK0     000095
MENU_WORK@temp                            cstackCOMRAM 000049
PIN_SET_IO@HighOrLow                      cstackCOMRAM 000015
PIN_SET_IO@InputOrOutput                  cstackCOMRAM 000012
PIN_SET_IO@Pin                            cstackCOMRAM 000014
PIN_SET_IO@Port                           cstackCOMRAM 000013
PIN_SET_LAT@HighOrLow                     cstackCOMRAM 00000B
PIN_SET_LAT@Pin                           cstackCOMRAM 00000A
PIN_SET_LAT@Port                          cstackCOMRAM 00000F
PIN_SET_LAT@hex                           cstackCOMRAM 00000E
PIN_SET_LAT@work_adress                   cstackCOMRAM 000010
PIN_SET_LAT_TOGGLE@Pin                    cstackCOMRAM 00000A
PIN_SET_LAT_TOGGLE@Port                   cstackCOMRAM 000010
PIN_SET_LAT_TOGGLE@hex                    cstackCOMRAM 00000D
PIN_SET_LAT_TOGGLE@work_adress            cstackCOMRAM 00000E
PIN_SET_TRIS@InputOrOutput                cstackCOMRAM 00000B
PIN_SET_TRIS@Pin                          cstackCOMRAM 00000A
PIN_SET_TRIS@Port                         cstackCOMRAM 00000F
PIN_SET_TRIS@hex                          cstackCOMRAM 00000E
PIN_SET_TRIS@work_adress                  cstackCOMRAM 000010
SET_OSC@MHz                               cstackCOMRAM 00001A
SSH1306_OLED_DrawPixel@color              cstackCOMRAM 00000E
SSH1306_OLED_DrawPixel@x                  cstackCOMRAM 00000A
SSH1306_OLED_DrawPixel@y                  cstackCOMRAM 00000C
SSH1306_OLED_Init@startFunc               cstackCOMRAM 000012
SSH1306_OLED_Init@stopFunc                cstackCOMRAM 000018
SSH1306_OLED_Init@writeFunc               cstackCOMRAM 000015
SSH1306_OLED_SetFont@font                 cstackCOMRAM 00000A
SSH1306_OLED_Update@i                     cstackCOMRAM 00000E
SSH1306_OLED_Update@x                     cstackCOMRAM 00000D
SSH1306_OLED_Write@b                      cstackCOMRAM 000032
SSH1306_OLED_Write@cbit                   cstackCOMRAM 000026
SSH1306_OLED_Write@cbyte                  cstackCOMRAM 000024
SSH1306_OLED_Write@cnt                    cstackCOMRAM 000030
SSH1306_OLED_Write@cx                     cstackCOMRAM 00002A
SSH1306_OLED_Write@cy                     cstackCOMRAM 00002C
SSH1306_OLED_Write@font_idx               cstackCOMRAM 000028
SSH1306_OLED_Write@rowcnt                 cstackCOMRAM 00002E
SSH1306_OLED_Write@temp                   cstackCOMRAM 000022
SSH1306_OLED_Write@value                  cstackCOMRAM 00001C
SSH1306_OLED_Write@x                      cstackCOMRAM 000018
SSH1306_OLED_Write@y                      cstackCOMRAM 00001A
SSH1306_OLED_Write_Dec@cnt                cstackBANK0  0000D3
SSH1306_OLED_Write_Dec@data               cstackCOMRAM 000043
SSH1306_OLED_Write_Dec@length             cstackBANK0  0000D2
SSH1306_OLED_Write_Dec@text               cstackBANK0  0000B4
SSH1306_OLED_Write_Dec@x                  cstackCOMRAM 00003F
SSH1306_OLED_Write_Dec@y                  cstackCOMRAM 000041
SSH1306_OLED_Write_Text@cnt               cstackCOMRAM 00003C
SSH1306_OLED_Write_Text@length            cstackCOMRAM 00003B
SSH1306_OLED_Write_Text@text              cstackCOMRAM 000037
SSH1306_OLED_Write_Text@x                 cstackCOMRAM 000033
SSH1306_OLED_Write_Text@y                 cstackCOMRAM 000035
TASK_MAIN@taskIndex                       cstackCOMRAM 00000A
THREAD_CREATE@Funct_t                     cstackCOMRAM 00000C
THREAD_CREATE@duty_time                   cstackCOMRAM 00000B
THREAD_CREATE@flag                        cstackCOMRAM 00000A
THREAD_CREATE@threadIndex                 cstackCOMRAM 000011
THREAD_DONE_CONTROL@threadIndex           cstackCOMRAM 00000A
THREAD_INTERRUPT@threadIndex              cstackCOMRAM 000003
THREAD_MAIN@threadIndex                   cstackCOMRAM 000012
THREAD_TIME_DONE@thread                   cstackCOMRAM 00000A
THREAD_TIME_START@thread                  cstackCOMRAM 00000A
THREAD_TIME_WAIT@activeSleepNum           cstackCOMRAM 00000F
THREAD_TIME_WAIT@sleepNum                 cstackCOMRAM 000010
THREAD_TIME_WAIT@thread                   cstackCOMRAM 00000A
THREAD_TIME_WAIT@threadTime               cstackCOMRAM 00000B
TIMER_1_INIT@F7090                        dataBANK1    0001F3
TIMER_1_INIT@Fcy                          cstackCOMRAM 000028
TIMER_1_INIT@Prescalers                   cstackCOMRAM 000024
TIMER_1_INIT@TMR1_Tick                    cstackCOMRAM 000031
TIMER_1_INIT@TickValue                    cstackCOMRAM 000033
TIMER_1_INIT@TimerFreq                    cstackCOMRAM 00002C
TIMER_1_INIT@i                            cstackCOMRAM 000037
TIMER_1_INIT@ms                           cstackCOMRAM 000030
TIMER_1_INTERRUPT@openOrClose             cstackCOMRAM 00000A
TIMER_1_SET@startOrStop                   cstackCOMRAM 00000A
TIMER_3_INIT@F7106                        dataBANK1    0001EF
TIMER_5_INIT@F7122                        dataBANK1    0001EB
UART_1_BYTE@data                          cstackCOMRAM 00000A
UART_1_INIT@baudrate                      cstackCOMRAM 000017
UART_1_INIT@spbrg_value                   cstackCOMRAM 00001F
UART_1_INTERRUPT@openOrClose              cstackCOMRAM 00000A
UART_1_STRING@text                        cstackCOMRAM 00000B
UART_2_BYTE@data                          cstackCOMRAM 000001
_ADCON0bits                               (abs)        000FC2
_ADCON1bits                               (abs)        000FC1
_ADCON2bits                               (abs)        000FC0
_ADRESH                                   (abs)        000FC4
_ADRESL                                   (abs)        000FC3
_ANA_MENU                                 dataBANK3    000350
_ANA_MENU_UST_YAZI                        dataBANK0    0000E6
_ANCON0                                   (abs)        000F25
_ANCON1                                   (abs)        000F24
_ANCON2                                   (abs)        000F23
_ANSEL0                                   (abs)        007928
_ANSEL1                                   (abs)        007929
_ANSEL10                                  (abs)        007922
_ANSEL11                                  (abs)        007923
_ANSEL16                                  (abs)        007918
_ANSEL17                                  (abs)        007919
_ANSEL18                                  (abs)        00791A
_ANSEL19                                  (abs)        00791B
_ANSEL2                                   (abs)        00792A
_ANSEL3                                   (abs)        00792B
_ANSEL4                                   (abs)        00792C
_ANSEL5                                   (abs)        00792D
_ANSEL6                                   (abs)        00792E
_ANSEL7                                   (abs)        00792F
_ANSEL8                                   (abs)        007920
_ANSEL9                                   (abs)        007921
_ARM_MENU_UST_YAZI                        dataBANK0    0000E2
_ARM_SETTING_MENU                         dataBANK3    000382
_CCP1CONbits                              (abs)        000FBB
_CCP2CONbits                              (abs)        000F4E
_CCP3CONbits                              (abs)        000F49
_CCP4CONbits                              (abs)        000F77
_CCP5CONbits                              (abs)        000F74
_CCP6CONbits                              (abs)        000F71
_CCP7CONbits                              (abs)        000F6E
_CCP8CONbits                              (abs)        000F46
_CCPR1L                                   (abs)        000FBC
_CCPR2L                                   (abs)        000F4F
_CCPR3L                                   (abs)        000F4A
_CCPR4L                                   (abs)        000F78
_CCPR5L                                   (abs)        000F75
_CCPR6L                                   (abs)        000F72
_CCPR7L                                   (abs)        000F6F
_CCPR8L                                   (abs)        000F47
_CCPTMRS0bits                             (abs)        000F2D
_CCPTMRS1bits                             (abs)        000F2C
_CCPTMRS2bits                             (abs)        000F2B
_COUNTER_ASK_ERASE                        dataBANK0    0000E8
_COUNTER_CANT_ERASE                       dataBANK0    0000EA
_COUNTER_MENU                             dataBANK2    000250
_COUNTER_MENU_UST_YAZI                    dataBANK0    0000E0
_Came_Logo                                mediumconst  00EEAB
_I2C_1_INIT                               text80       012212
_I2C_1_READY                              text46       012AA8
_I2C_1_START                              text47       012BBA
_I2C_1_STOP                               text45       012B52
_I2C_1_WRITE                              text44       012B62
_INPUT_MENU                               dataBANK2    000200
_INPUT_MENU_UST_YAZI                      dataBANK0    0000DC
_INTCONbits                               (abs)        000FF2
_INTERRUPT_ALL                            text79       012B10
_LATA                                     (abs)        000F89
_LATCbits                                 (abs)        000F8B
_LATF                                     (abs)        000F8E
_LATJ                                     (abs)        000F91
_LED_THREAD                               text10       01204A
_MENU_ANA_INIT                            text78       012BC4
_MENU_ANA_MENU_ANA                        bssBANK0     000099
_MENU_BACK_INDEX                          bssBANK1     0001C6
_MENU_BACK_POINTER                        bssBANK1     0001A8
_MENU_BUTON_ADD                           text92       012460
_MENU_BUTON_STATUS                        bssBANK0     0000A8
_MENU_CIK                                 text75       01251E
_MENU_CLEAR                               bssBANK0     000085
_MENU_FUNCT_ARM_DROP_MODE                 text54       0125F4
_MENU_FUNCT_ARM_MOTOR_BREAK_SPEED         text51       012904
_MENU_FUNCT_ARM_MOTOR_MODE                text53       012706
_MENU_FUNCT_ARM_MOTOR_SPEED               text52       012928
_MENU_FUNCT_COUNTER_A_FIX                 text66       0126AC
_MENU_FUNCT_COUNTER_A_TEMP                text64       012650
_MENU_FUNCT_COUNTER_B_FIX                 text65       01267E
_MENU_FUNCT_COUNTER_B_TEMP                text63       012622
_MENU_FUNCT_EMG_MODE                      text55       012732
_MENU_FUNCT_INPUT_BUFFER                  text56       01294C
_MENU_FUNCT_INPUT_MODE                    text58       01275E
_MENU_FUNCT_INPUT_TIME_OUT                text57       012970
_MENU_FUNCT_RANDOM_A_AMOUNT               text60       0129B8
_MENU_FUNCT_RANDOM_A_MODE                 text62       0127B6
_MENU_FUNCT_RANDOM_B_AMOUNT               text59       012994
_MENU_FUNCT_RANDOM_B_MODE                 text61       01278A
_MENU_FUNCT_RELAY_ALARM_MODE              text70       0127E2
_MENU_FUNCT_RELAY_ALARM_TIME              text67       0129DC
_MENU_FUNCT_RELAY_A_MODE                  text73       012866
_MENU_FUNCT_RELAY_A_TIME                  text69       012A24
_MENU_FUNCT_RELAY_BUSY_MODE               text71       01280E
_MENU_FUNCT_RELAY_BUSY_TIME               text68       012A00
_MENU_FUNCT_RELAY_B_MODE                  text72       01283A
_MENU_FUNCT_RELAY_B_TIME                  text74       012A48
_MENU_GIR                                 text50       012272
_MENU_INDEX_COUNTER                       bssCOMRAM    00004D
_MENU_INIT                                text77       0125C2
_MENU_MAX                                 bssBANK0     0000AF
_MENU_MENU_COUNTER                        bssBANK0     0000AA
_MENU_POINTER                             bssCOMRAM    00004B
_MENU_PROCESS                             text22       0123CC
_MENU_SELECT_LIST                         bssBANK0     0000A5
_MENU_SHOW_DATA_PRINT                     text27       0111B2
_MENU_TEXT_PRINT                          text26       011096
_MENU_UPDATE                              bssBANK0     000082
_MENU_USE_SELECT                          text25       01173E
_MENU_USE_VAL                             text24       010C08
_MENU_UST_DATA_GETIR                      text76       0112C0
_MENU_UST_YAZI                            bssBANK0     0000A1
_MENU_WORK                                text23       010000
_MENU_WRITE_DEC                           bssBANK0     00007F
_MENU_WRITE_TEXT                          bssBANK0     00007C
_OSCCON                                   (abs)        000FD3
_OSCCONbits                               (abs)        000FD3
_OSCTUNEbits                              (abs)        000F9B
_PIE1bits                                 (abs)        000F9D
_PIE2bits                                 (abs)        000FA0
_PIE3bits                                 (abs)        000FA3
_PIE5bits                                 (abs)        000FB9
_PIN_SET_IO                               text82       012A8A
_PIN_SET_LAT                              text84       011AFC
_PIN_SET_LAT_TOGGLE                       text16       012378
_PIN_SET_TRIS                             text83       011A54
_PIR1bits                                 (abs)        000F9E
_PIR2bits                                 (abs)        000FA1
_PIR3bits                                 (abs)        000FA4
_PIR5bits                                 (abs)        000FBA
_PORTA                                    (abs)        000F80
_PORTB                                    (abs)        000F81
_PORTD                                    (abs)        000F83
_PORTF                                    (abs)        000F85
_PORTJ                                    (abs)        000F88
_PR2                                      (abs)        000FCB
_PR4                                      (abs)        000F6C
_PR6                                      (abs)        000F3A
_PR8                                      (abs)        000F37
_PWM_1_TIMER_SELECT                       bssCOMRAM    000054
_PWM_2_TIMER_SELECT                       bssCOMRAM    000053
_PWM_3_TIMER_SELECT                       bssCOMRAM    000052
_PWM_4_TIMER_SELECT                       bssCOMRAM    000051
_PWM_5_TIMER_SELECT                       bssCOMRAM    000050
_PWM_6_TIMER_SELECT                       bssCOMRAM    00004F
_PWM_7_TIMER_SELECT                       bssCOMRAM    00004E
_PWM_8_TIMER_SELECT                       bssBANK0     0000AC
_RANDOM_MENU                              dataBANK2    000228
_RANDOM_MENU_UST_YAZI                     dataBANK0    0000DE
_RCREG1                                   (abs)        000FAE
_RCREG2                                   (abs)        000F1D
_RCSTA1bits                               (abs)        000FAB
_RCSTA2bits                               (abs)        000F22
_RELAY_MENU                               dataBANK3    000300
_RELAY_MENU_UST_YAZI                      dataBANK0    0000E4
_SELECT_LIST_ARM_MOTOR_MODE               dataBANK0    0000EC
_SELECT_LIST_DROP_ARM_MODE                dataBANK1    0001F7
_SELECT_LIST_EMG_MODE                     dataBANK0    0000F0
_SELECT_LIST_INPUT_MODE                   dataBANK0    0000F4
_SELECT_LIST_RANDOM_MODE                  dataBANK0    0000F8
_SELECT_LIST_RELAY_MODE                   dataBANK0    0000FC
_SETTING_VALUES                           bssBANK1     000100
_SET_OSC                                  text21       011C3A
_SET_OSC$3227                             cstackCOMRAM 000012
_SET_OSC$3228                             cstackCOMRAM 000014
_SET_OSC$3229                             cstackCOMRAM 000016
_SET_OSC$3230                             cstackCOMRAM 000018
_SHOW_DATA_TEXT                           bssBANK0     0000A3
_SMALL_FONTS                              mediumconst  00FAEA
_SOFT_I2C_1                               bssBANK0     000060
_SPBRG1                                   (abs)        000FAF
_SPBRG2                                   (abs)        000F1E
_SSH1306_OLED_ClearDisplay                text48       012A6C
_SSH1306_OLED_DrawPixel                   text41       010E26
_SSH1306_OLED_Init                        text19       01166C
_SSH1306_OLED_SetFont                     text20       011F56
_SSH1306_OLED_Update                      text42       0114AA
_SSH1306_OLED_Write                       text38       0108FC
_SSH1306_OLED_Write$5217                  cstackCOMRAM 000020
_SSH1306_OLED_Write_Dec                   text29       0120BE
_SSH1306_OLED_Write_Text                  text28       012132
_SSP1ADD                                  (abs)        000FC8
_SSP1BUF                                  (abs)        000FC9
_SSP1CON1bits                             (abs)        000FC6
_SSP1CON2bits                             (abs)        000FC5
_SSP1STATbits                             (abs)        000FC7
_SSP2ADD                                  (abs)        000F69
_SSP2BUF                                  (abs)        000F6A
_SSP2CON1bits                             (abs)        000F67
_SSP2CON2bits                             (abs)        000F66
_SSP2STATbits                             (abs)        000F68
_T1CONbits                                (abs)        000FCD
_T2CONbits                                (abs)        000FCA
_T3CONbits                                (abs)        000FB1
_T4CONbits                                (abs)        000F6B
_T5CONbits                                (abs)        000F7B
_T6CONbits                                (abs)        000F39
_T8CONbits                                (abs)        000F36
_TASK_LIST                                bssBANK1     000130
_TASK_MAIN                                text18       012AEA
_TASK_NUM                                 bssBANK0     0000AB
_THREAD_CREATE                            text17       012322
_THREAD_DONE_CONTROL                      text15       0124A4
_THREAD_GET_STATE                         text14       012BCE
_THREAD_INTERRUPT                         text91       0118DE
_THREAD_LIST                              bssBANK2     000278
_THREAD_MAIN                              text9        011EDA
_THREAD_NUM                               bssBANK0     0000AE
_THREAD_TIME_DONE                         text13       012AD6
_THREAD_TIME_START                        text12       012B42
_THREAD_TIME_WAIT                         text11       011592
_TIMER_1_INIT                             text5        010F72
_TIMER_1_INTERRUPT                        text8        012AFE
_TIMER_1_INTERRUPT_FUNCT                  text90       012BAE
_TIMER_1_SET                              text7        012B32
_TIMER_1_TICK                             bssBANK0     00009F
_TIMER_3_INTERRUPT_FUNCT                  text89       012BA2
_TIMER_3_TICK                             bssBANK0     00009D
_TIMER_5_INTERRUPT_FUNCT                  text88       012B96
_TIMER_5_TICK                             bssBANK0     00009B
_TMR1                                     (abs)        000FCE
_TMR3                                     (abs)        000FB2
_TMR5                                     (abs)        000F7C
_TRISA                                    (abs)        000F92
_TRISF                                    (abs)        000F97
_TRISJ                                    (abs)        000F9A
_TXREG1                                   (abs)        000FAD
_TXREG2                                   (abs)        000F1C
_TXSTA1bits                               (abs)        000FAC
_TXSTA2bits                               (abs)        000F21
_UART_1_BYTE                              text2        012B7E
_UART_1_INIT                              text3        011BA4
_UART_1_INTERRUPT                         text4        012B22
_UART_1_STRING                            text1        012590
_UART_2_BYTE                              text87       012B70
__HRAM                                    (abs)        000000
__H__absolute__                           __absolute__ 000000
__Habs1                                   abs1         000000
__Hbank0                                  bank0        000000
__Hbank1                                  bank1        000000
__Hbank10                                 bank10       000000
__Hbank11                                 bank11       000000
__Hbank12                                 bank12       000000
__Hbank13                                 bank13       000000
__Hbank14                                 bank14       000000
__Hbank15                                 bank15       000000
__Hbank2                                  bank2        000000
__Hbank3                                  bank3        000000
__Hbank4                                  bank4        000000
__Hbank5                                  bank5        000000
__Hbank6                                  bank6        000000
__Hbank7                                  bank7        000000
__Hbank8                                  bank8        000000
__Hbank9                                  bank9        000000
__Hbigbss                                 bigbss       000000
__Hbigdata                                bigdata      000000
__Hbigram                                 bigram       000000
__Hbigsfr                                 bigsfr       000000
__Hbss                                    bss          000000
__HbssBANK0                               bssBANK0     000000
__HbssBANK1                               bssBANK1     000000
__HbssBANK2                               bssBANK2     000000
__HbssBIGRAM                              bssBIGRAM    000000
__HbssCOMRAM                              bssCOMRAM    000000
__Hcinit                                  cinit        000000
__Hclrtext                                clrtext      000000
__Hcomram                                 comram       000000
__Hconfig                                 config       30000E
__Hconst                                  const        000000
__HcstackBANK0                            cstackBANK0  000000
__HcstackBANK2                            cstackBANK2  000000
__HcstackCOMRAM                           cstackCOMRAM 000000
__Hdata                                   data         000000
__HdataBANK0                              dataBANK0    000000
__HdataBANK1                              dataBANK1    000000
__HdataBANK2                              dataBANK2    000000
__HdataBANK3                              dataBANK3    000000
__Heeprom_data                            eeprom_data  000000
__Hfarbss                                 farbss       000000
__Hfardata                                fardata      000000
__Hheap                                   heap         000000
__Hibigdata                               ibigdata     000000
__Hidata                                  idata        000000
__HidataBANK0                             idataBANK0   000000
__HidataBANK1                             idataBANK1   000000
__HidataBANK2                             idataBANK2   000000
__HidataBANK3                             idataBANK3   000000
__Hidloc                                  idloc        200008
__Hifardata                               ifardata     000000
__Hinit                                   init         0000C2
__Hintcode                                intcode      0000BE
__Hintcode_body                           intcode_body 000000
__Hintcodelo                              intcodelo    0000BE
__Hintentry                               intentry     000000
__Hintret                                 intret       000000
__Hintsave_regs                           intsave_regs 000000
__Hirdata                                 irdata       000000
__Hmediumconst                            mediumconst  010000
__HnvFARRAM                               nvFARRAM     000000
__Hnvbit                                  nvbit        000000
__Hnvrram                                 nvrram       000000
__Hparam                                  rparam       000000
__Hpowerup                                powerup      0000BE
__Hram                                    ram          000000
__Hramtop                                 ramtop       001000
__Hrbit                                   rbit         000000
__Hrbss                                   rbss         000000
__Hrdata                                  rdata        000000
__Hreset_vec                              reset_vec    000004
__Hrparam                                 rparam       000000
__Hsfr                                    sfr          000000
__Hsivt_hi                                sivt_hi      000000
__Hsivt_lo                                sivt_lo      000000
__Hsmallconst                             smallconst   000000
__Hspace_0                                (abs)        012BD6
__Hspace_1                                (abs)        000B44
__Hspace_2                                (abs)        000000
__Hspace_4                                (abs)        60000E
__Hstack                                  stack        000000
__Hstruct                                 struct       000000
__Htemp                                   temp         000056
__Htext                                   text         000000
__Htext0                                  text0        000000
__Htext1                                  text1        000000
__Htext10                                 text10       000000
__Htext11                                 text11       000000
__Htext12                                 text12       000000
__Htext13                                 text13       000000
__Htext14                                 text14       000000
__Htext15                                 text15       000000
__Htext16                                 text16       000000
__Htext17                                 text17       000000
__Htext18                                 text18       000000
__Htext19                                 text19       000000
__Htext2                                  text2        000000
__Htext20                                 text20       000000
__Htext21                                 text21       000000
__Htext22                                 text22       000000
__Htext23                                 text23       000000
__Htext24                                 text24       000000
__Htext25                                 text25       000000
__Htext26                                 text26       000000
__Htext27                                 text27       000000
__Htext28                                 text28       000000
__Htext29                                 text29       000000
__Htext3                                  text3        000000
__Htext30                                 text30       000000
__Htext31                                 text31       000000
__Htext32                                 text32       000000
__Htext33                                 text33       000000
__Htext34                                 text34       000000
__Htext35                                 text35       000000
__Htext36                                 text36       000000
__Htext37                                 text37       000000
__Htext38                                 text38       000000
__Htext39                                 text39       000000
__Htext4                                  text4        000000
__Htext40                                 text40       000000
__Htext41                                 text41       000000
__Htext42                                 text42       000000
__Htext43                                 text43       000000
__Htext44                                 text44       000000
__Htext45                                 text45       000000
__Htext46                                 text46       000000
__Htext47                                 text47       000000
__Htext48                                 text48       000000
__Htext49                                 text49       000000
__Htext5                                  text5        000000
__Htext50                                 text50       000000
__Htext51                                 text51       000000
__Htext52                                 text52       000000
__Htext53                                 text53       000000
__Htext54                                 text54       000000
__Htext55                                 text55       000000
__Htext56                                 text56       000000
__Htext57                                 text57       000000
__Htext58                                 text58       000000
__Htext59                                 text59       000000
__Htext6                                  text6        000000
__Htext60                                 text60       000000
__Htext61                                 text61       000000
__Htext62                                 text62       000000
__Htext63                                 text63       000000
__Htext64                                 text64       000000
__Htext65                                 text65       000000
__Htext66                                 text66       000000
__Htext67                                 text67       000000
__Htext68                                 text68       000000
__Htext69                                 text69       000000
__Htext7                                  text7        000000
__Htext70                                 text70       000000
__Htext71                                 text71       000000
__Htext72                                 text72       000000
__Htext73                                 text73       000000
__Htext74                                 text74       000000
__Htext75                                 text75       000000
__Htext76                                 text76       000000
__Htext77                                 text77       000000
__Htext78                                 text78       000000
__Htext79                                 text79       000000
__Htext8                                  text8        000000
__Htext80                                 text80       000000
__Htext81                                 text81       000000
__Htext82                                 text82       000000
__Htext83                                 text83       000000
__Htext84                                 text84       000000
__Htext86                                 text86       000000
__Htext87                                 text87       000000
__Htext88                                 text88       000000
__Htext89                                 text89       000000
__Htext9                                  text9        000000
__Htext90                                 text90       000000
__Htext91                                 text91       000000
__Htext92                                 text92       000000
__ISR                                     intcode      000008
__LRAM                                    (abs)        000001
__L__absolute__                           __absolute__ 000000
__Labs1                                   abs1         000000
__Lbank0                                  bank0        000000
__Lbank1                                  bank1        000000
__Lbank10                                 bank10       000000
__Lbank11                                 bank11       000000
__Lbank12                                 bank12       000000
__Lbank13                                 bank13       000000
__Lbank14                                 bank14       000000
__Lbank15                                 bank15       000000
__Lbank2                                  bank2        000000
__Lbank3                                  bank3        000000
__Lbank4                                  bank4        000000
__Lbank5                                  bank5        000000
__Lbank6                                  bank6        000000
__Lbank7                                  bank7        000000
__Lbank8                                  bank8        000000
__Lbank9                                  bank9        000000
__Lbigbss                                 bigbss       000000
__Lbigdata                                bigdata      000000
__Lbigram                                 bigram       000000
__Lbigsfr                                 bigsfr       000000
__Lbss                                    bss          000000
__LbssBANK0                               bssBANK0     000000
__LbssBANK1                               bssBANK1     000000
__LbssBANK2                               bssBANK2     000000
__LbssBIGRAM                              bssBIGRAM    000000
__LbssCOMRAM                              bssCOMRAM    000000
__Lcinit                                  cinit        000000
__Lclrtext                                clrtext      000000
__Lcomram                                 comram       000000
__Lconfig                                 config       000000
__Lconst                                  const        000000
__LcstackBANK0                            cstackBANK0  000000
__LcstackBANK2                            cstackBANK2  000000
__LcstackCOMRAM                           cstackCOMRAM 000000
__Ldata                                   data         000000
__LdataBANK0                              dataBANK0    000000
__LdataBANK1                              dataBANK1    000000
__LdataBANK2                              dataBANK2    000000
__LdataBANK3                              dataBANK3    000000
__Leeprom_data                            eeprom_data  000000
__Lfarbss                                 farbss       000000
__Lfardata                                fardata      000000
__Lheap                                   heap         000000
__Libigdata                               ibigdata     000000
__Lidata                                  idata        000000
__LidataBANK0                             idataBANK0   000000
__LidataBANK1                             idataBANK1   000000
__LidataBANK2                             idataBANK2   000000
__LidataBANK3                             idataBANK3   000000
__Lidloc                                  idloc        000000
__Lifardata                               ifardata     000000
__Linit                                   init         0000BE
__Lintcode                                intcode      000008
__Lintcode_body                           intcode_body 000000
__Lintcodelo                              intcodelo    0000BE
__Lintentry                               intentry     000000
__Lintret                                 intret       000000
__Lintsave_regs                           intsave_regs 000000
__Lirdata                                 irdata       000000
__Lmediumconst                            mediumconst  00E8B6
__LnvFARRAM                               nvFARRAM     000000
__Lnvbit                                  nvbit        000000
__Lnvrram                                 nvrram       000000
__Lparam                                  rparam       000000
__Lpowerup                                powerup      0000BE
__Lram                                    ram          000000
__Lramtop                                 ramtop       001000
__Lrbit                                   rbit         000000
__Lrbss                                   rbss         000000
__Lrdata                                  rdata        000000
__Lreset_vec                              reset_vec    000000
__Lrparam                                 rparam       000000
__Lsfr                                    sfr          000000
__Lsivt_hi                                sivt_hi      000000
__Lsivt_lo                                sivt_lo      000000
__Lsmallconst                             smallconst   000000
__Lspace_0                                (abs)        000000
__Lspace_1                                (abs)        000000
__Lspace_2                                (abs)        000000
__Lspace_4                                (abs)        000000
__Lstack                                  stack        000000
__Lstruct                                 struct       000000
__Ltemp                                   temp         000055
__Ltext                                   text         000000
__Ltext0                                  text0        000000
__Ltext1                                  text1        000000
__Ltext10                                 text10       000000
__Ltext11                                 text11       000000
__Ltext12                                 text12       000000
__Ltext13                                 text13       000000
__Ltext14                                 text14       000000
__Ltext15                                 text15       000000
__Ltext16                                 text16       000000
__Ltext17                                 text17       000000
__Ltext18                                 text18       000000
__Ltext19                                 text19       000000
__Ltext2                                  text2        000000
__Ltext20                                 text20       000000
__Ltext21                                 text21       000000
__Ltext22                                 text22       000000
__Ltext23                                 text23       000000
__Ltext24                                 text24       000000
__Ltext25                                 text25       000000
__Ltext26                                 text26       000000
__Ltext27                                 text27       000000
__Ltext28                                 text28       000000
__Ltext29                                 text29       000000
__Ltext3                                  text3        000000
__Ltext30                                 text30       000000
__Ltext31                                 text31       000000
__Ltext32                                 text32       000000
__Ltext33                                 text33       000000
__Ltext34                                 text34       000000
__Ltext35                                 text35       000000
__Ltext36                                 text36       000000
__Ltext37                                 text37       000000
__Ltext38                                 text38       000000
__Ltext39                                 text39       000000
__Ltext4                                  text4        000000
__Ltext40                                 text40       000000
__Ltext41                                 text41       000000
__Ltext42                                 text42       000000
__Ltext43                                 text43       000000
__Ltext44                                 text44       000000
__Ltext45                                 text45       000000
__Ltext46                                 text46       000000
__Ltext47                                 text47       000000
__Ltext48                                 text48       000000
__Ltext49                                 text49       000000
__Ltext5                                  text5        000000
__Ltext50                                 text50       000000
__Ltext51                                 text51       000000
__Ltext52                                 text52       000000
__Ltext53                                 text53       000000
__Ltext54                                 text54       000000
__Ltext55                                 text55       000000
__Ltext56                                 text56       000000
__Ltext57                                 text57       000000
__Ltext58                                 text58       000000
__Ltext59                                 text59       000000
__Ltext6                                  text6        000000
__Ltext60                                 text60       000000
__Ltext61                                 text61       000000
__Ltext62                                 text62       000000
__Ltext63                                 text63       000000
__Ltext64                                 text64       000000
__Ltext65                                 text65       000000
__Ltext66                                 text66       000000
__Ltext67                                 text67       000000
__Ltext68                                 text68       000000
__Ltext69                                 text69       000000
__Ltext7                                  text7        000000
__Ltext70                                 text70       000000
__Ltext71                                 text71       000000
__Ltext72                                 text72       000000
__Ltext73                                 text73       000000
__Ltext74                                 text74       000000
__Ltext75                                 text75       000000
__Ltext76                                 text76       000000
__Ltext77                                 text77       000000
__Ltext78                                 text78       000000
__Ltext79                                 text79       000000
__Ltext8                                  text8        000000
__Ltext80                                 text80       000000
__Ltext81                                 text81       000000
__Ltext82                                 text82       000000
__Ltext83                                 text83       000000
__Ltext84                                 text84       000000
__Ltext86                                 text86       000000
__Ltext87                                 text87       000000
__Ltext88                                 text88       000000
__Ltext89                                 text89       000000
__Ltext9                                  text9        000000
__Ltext90                                 text90       000000
__Ltext91                                 text91       000000
__Ltext92                                 text92       000000
__S0                                      (abs)        012BD6
__S1                                      (abs)        000B44
__S4                                      (abs)        000000
__S5                                      (abs)        000000
___awdiv                                  text40       011D54
___awdiv@counter                          cstackCOMRAM 00000E
___awdiv@dividend                         cstackCOMRAM 00000A
___awdiv@divisor                          cstackCOMRAM 00000C
___awdiv@quotient                         cstackCOMRAM 000010
___awdiv@sign                             cstackCOMRAM 00000F
___awmod                                  text37       0121A2
___awmod@counter                          cstackCOMRAM 00000E
___awmod@dividend                         cstackCOMRAM 00000A
___awmod@divisor                          cstackCOMRAM 00000C
___awmod@sign                             cstackCOMRAM 00000F
___extmem_base                            (abs)        020000
___heap_hi                                (abs)        000000
___heap_lo                                (abs)        000000
___inthi_sp                               stack        000000
___inthi_stack_hi                         stack        000000
___inthi_stack_lo                         stack        000000
___intlo_sp                               stack        000000
___intlo_stack_hi                         stack        000000
___intlo_stack_lo                         stack        000000
___lldiv                                  text81       011DD8
___lldiv@counter                          cstackCOMRAM 000016
___lldiv@dividend                         cstackCOMRAM 00000A
___lldiv@divisor                          cstackCOMRAM 00000E
___lldiv@quotient                         cstackCOMRAM 000012
___lmul                                   text6        0122CC
___lmul@multiplicand                      cstackCOMRAM 00001B
___lmul@multiplier                        cstackCOMRAM 000017
___lmul@product                           cstackCOMRAM 00001F
___param_bank                             (abs)        000000
___rparam_used                            (abs)        000001
___sp                                     stack        000000
___stack_hi                               stack        000000
___stack_lo                               stack        000000
___wmul                                   text39       0128BA
___wmul@multiplicand                      cstackCOMRAM 000014
___wmul@multiplier                        cstackCOMRAM 000012
___wmul@product                           cstackCOMRAM 000016
__accesstop                               (abs)        000060
__activetblptr                            (abs)        000003
__end_of_Came_Logo                        mediumconst  00F2AB
[...]
__pbssBANK0                               bssBANK0     000060
__pbssBANK1                               bssBANK1     000100
__pbssBANK2                               bssBANK2     000278
__pbssBIGRAM                              bssBIGRAM    0003B4
__pbssCOMRAM                              bssCOMRAM    00004B
__pcinit                                  cinit        011810
__pcstackBANK0                            cstackBANK0  0000B4
__pcstackBANK2                            cstackBANK2  0002E8
__pcstackCOMRAM                           cstackCOMRAM 000001
__pdataBANK0                              dataBANK0    0000DC
__pdataBANK1                              dataBANK1    0001EB
__pdataBANK2                              dataBANK2    000200
__pdataBANK3                              dataBANK3    000300
__pidataBANK0                             idataBANK0   0128E0
__pidataBANK1                             idataBANK1   012AC2
__pidataBANK2                             idataBANK2   011FD2
__pidataBANK3                             idataBANK3   0119A0
__pintcode                                intcode      000008
__pmediumconst                            mediumconst  00E8B6
__ptext0                                  text0        0113BE
__ptext1                                  text1        012590
__ptext10                                 text10       01204A
__ptext11                                 text11       011592
__ptext12                                 text12       012B42
__ptext13                                 text13       012AD6
__ptext14                                 text14       012BCE
__ptext15                                 text15       0124A4
__ptext16                                 text16       012378
__ptext17                                 text17       012322
__ptext18                                 text18       012AEA
__ptext19                                 text19       01166C
__ptext2                                  text2        012B7E
__ptext20                                 text20       011F56
__ptext21                                 text21       011C3A
__ptext22                                 text22       0123CC
__ptext23                                 text23       010000
__ptext24                                 text24       010C08
__ptext25                                 text25       01173E
__ptext26                                 text26       011096
__ptext27                                 text27       0111B2
__ptext28                                 text28       012132
__ptext29                                 text29       0120BE
__ptext3                                  text3        011BA4
__ptext30                                 text30       01241C
__ptext31                                 text31       012558
__ptext32                                 text32       0124E4
__ptext33                                 text33       0105EE
__ptext34                                 text34       011E5A
__ptext35                                 text35       012BD4
__ptext36                                 text36       012892
__ptext37                                 text37       0121A2
__ptext38                                 text38       0108FC
__ptext39                                 text39       0128BA
__ptext4                                  text4        012B22
__ptext40                                 text40       011D54
__ptext41                                 text41       010E26
__ptext42                                 text42       0114AA
__ptext43                                 text43       011CCA
__ptext44                                 text44       012B62
__ptext45                                 text45       012B52
__ptext46                                 text46       012AA8
__ptext47                                 text47       012BBA
__ptext48                                 text48       012A6C
__ptext49                                 text49       0126DA
__ptext5                                  text5        010F72
__ptext50                                 text50       012272
__ptext51                                 text51       012904
__ptext52                                 text52       012928
__ptext53                                 text53       012706
__ptext54                                 text54       0125F4
__ptext55                                 text55       012732
__ptext56                                 text56       01294C
__ptext57                                 text57       012970
__ptext58                                 text58       01275E
__ptext59                                 text59       012994
__ptext6                                  text6        0122CC
__ptext60                                 text60       0129B8
__ptext61                                 text61       01278A
__ptext62                                 text62       0127B6
__ptext63                                 text63       012622
__ptext64                                 text64       012650
__ptext65                                 text65       01267E
__ptext66                                 text66       0126AC
__ptext67                                 text67       0129DC
__ptext68                                 text68       012A00
__ptext69                                 text69       012A24
__ptext7                                  text7        012B32
__ptext70                                 text70       0127E2
__ptext71                                 text71       01280E
__ptext72                                 text72       01283A
__ptext73                                 text73       012866
__ptext74                                 text74       012A48
__ptext75                                 text75       01251E
__ptext76                                 text76       0112C0
__ptext77                                 text77       0125C2
__ptext78                                 text78       012BC4
__ptext79                                 text79       012B10
__ptext8                                  text8        012AFE
__ptext80                                 text80       012212
__ptext81                                 text81       011DD8
__ptext82                                 text82       012A8A
__ptext83                                 text83       011A54
__ptext84                                 text84       011AFC
__ptext86                                 text86       012B8A
__ptext87                                 text87       012B70
__ptext88                                 text88       012B96
__ptext89                                 text89       012BA2
__ptext9                                  text9        011EDA
__ptext90                                 text90       012BAE
__ptext91                                 text91       0118DE
__ptext92                                 text92       012460
__ramtop                                  ramtop       001000
__smallconst                              smallconst   000000
_abs                                      text36       012892
_cfont                                    bssBANK0     000075
_cfont@ssh1106_oled$F3684                 bssBANK0     00006E
_dbuf                                     bssBANK2     0002C8
_eeprom_byte_read                         bssBANK1     0001CB
_eeprom_byte_write                        bssBANK1     0001CE
_flags                                    bssBANK0     0000A7
_font_6x8                                 mediumconst  00F2AB
_font_8x16                                mediumconst  00E8B7
_font_8x16BOLD                            mediumconst  00F4F6
_fputc                                    text34       011E5A
_main                                     text0        0113BE
_mas_i2c_read_ack                         bssBANK1     0001D7
_mas_i2c_read_nack                        bssBANK1     0001D4
_mas_i2c_start                            bssBANK1     0001DD
_mas_i2c_stop                             bssBANK1     0001D1
_mas_i2c_write                            bssBANK1     0001DA
_memset                                   text49       0126DA
_prec                                     bssBANK0     000093
_putch                                    text35       012BD4
_sprintf                                  text31       012558
_ssd1306_buffer                           bssBIGRAM    0007B4
_ssd1306_command                          text43       011CCA
_ssd1306_oled_i2c_start                   bssBANK0     00008E
_ssd1306_oled_i2c_stop                    bssBANK0     000088
_ssd1306_oled_i2c_write                   bssBANK0     00008B
_ssh1106_buffer                           bssBIGRAM    0003B4
_ssh1106_oled_i2c_start                   bssBANK1     0001E6
_ssh1106_oled_i2c_stop                    bssBANK1     0001E0
_ssh1106_oled_i2c_write                   bssBANK1     0001E3
_strlen                                   text30       01241C
_thread_return_temp                       bssBANK0     0000AD
_vfpfcnvrt                                text33       0105EE
_vfprintf                                 text32       0124E4
_width                                    bssBANK0     000091
_ws2812_data                              bssBIGRAM    0009B4
_ws812_data_counter                       bssBANK1     0001E9
abs@a                                     cstackCOMRAM 000010
btemp                                     temp         000055
end_of_initialization                     cinit        0118D4
fputc@c                                   cstackCOMRAM 00000A
fputc@fp                                  cstackCOMRAM 00000C
i2UART_1_BYTE@data                        cstackCOMRAM 000001
i2_UART_1_BYTE                            text86       012B8A
int$flags                                 temp         000055
intlevel0                                 text         000000
intlevel1                                 text         000000
intlevel2                                 text         000000
intlevel3                                 text         000000
isa$std                                   (abs)        000001
isa$xinst                                 (abs)        000000
memset@c                                  cstackCOMRAM 00000C
memset@dest                               cstackCOMRAM 00000A
memset@n                                  cstackCOMRAM 00000E
memset@p                                  cstackCOMRAM 000010
sprintf@ap                                cstackCOMRAM 000032
sprintf@f                                 cstackCOMRAM 000033
sprintf@fmt                               cstackCOMRAM 00002A
sprintf@s                                 cstackCOMRAM 000029
ssd1306_command@command                   cstackCOMRAM 00000C
stackhi                                   (abs)        000000
stacklo                                   (abs)        000000
start                                     init         0000BE
start_initialization                      cinit        011810
strlen@a                                  cstackCOMRAM 00000C
strlen@s                                  cstackCOMRAM 00000A
ttemp5                                    temp         000056
ttemp6                                    temp         000059
ttemp7                                    temp         00005D
vfpfcnvrt@ap                              cstackCOMRAM 000016
vfpfcnvrt@c                               cstackCOMRAM 000022
vfpfcnvrt@convarg                         cstackCOMRAM 00001E
vfpfcnvrt@cp                              cstackCOMRAM 00001B
vfpfcnvrt@cp_4519                         cstackCOMRAM 000019
vfpfcnvrt@done                            cstackCOMRAM 00001D
vfpfcnvrt@fmt                             cstackCOMRAM 000015
vfpfcnvrt@fp                              cstackCOMRAM 000014
vfprintf@ap                               cstackCOMRAM 000026
vfprintf@cfmt                             cstackCOMRAM 000027
vfprintf@fmt                              cstackCOMRAM 000024
vfprintf@fp                               cstackCOMRAM 000023
wtemp8                                    temp         000056


MODULE INFORMATION

Module		Function		Class		Link	Load	Size
ssd1306_oled.c
		_SSH1306_OLED_Write		CODE           	108FC	0000	780
		_ssd1306_command		CODE           	11CCA	0000	138
		_SSH1306_OLED_Write_Dec		CODE           	120BE	0000	116
		_SSH1306_OLED_Update		CODE           	114AA	0000	232
		_SSH1306_OLED_SetFont		CODE           	11F56	0000	124
		_SSH1306_OLED_ClearDisplay		CODE           	12A6C	0000	30
		_SSH1306_OLED_Write_Text		CODE           	12132	0000	112
		_SSH1306_OLED_Init		CODE           	1166C	0000	210
		_SSH1306_OLED_DrawPixel		CODE           	10E26	0000	332

ssd1306_oled.c estimated size: 2074

C:\Program Files\Microchip\xc8\v2.46\pic\sources\c99\common\nf_fputc.c
		_fputc         		CODE           	11E5A	0000	128

C:\Program Files\Microchip\xc8\v2.46\pic\sources\c99\common\nf_fputc.c estimated size: 128

C:\Program Files\Microchip\xc8\v2.46\pic\sources\c99\common\awdiv.c
		___awdiv       		CODE           	11D54	0000	132

C:\Program Files\Microchip\xc8\v2.46\pic\sources\c99\common\awdiv.c estimated size: 132

task.c
		_TASK_MAIN     		CODE           	12AEA	0000	20

task.c estimated size: 20

C:\Program Files\Microchip\xc8\v2.46\pic\sources\c99\common\strlen.c
		_strlen        		CODE           	1241C	0000	68

C:\Program Files\Microchip\xc8\v2.46\pic\sources\c99\common\strlen.c estimated size: 68

C:\Program Files\Microchip\xc8\v2.46\pic\sources\c99\common\memset.c
		_memset        		CODE           	126DA	0000	44

C:\Program Files\Microchip\xc8\v2.46\pic\sources\c99\common\memset.c estimated size: 44

newmain.c
		_MENU_FUNCT_RELAY_A_TIME		CODE           	12A24	0000	36
		_MENU_FUNCT_RELAY_ALARM_MODE		CODE           	127E2	0000	44
		_MENU_FUNCT_RELAY_ALARM_TIME		CODE           	129DC	0000	36
		_MENU_FUNCT_RELAY_B_TIME		CODE           	12A48	0000	36
		_MENU_FUNCT_EMG_MODE		CODE           	12732	0000	44
		_LED_THREAD    		CODE           	1204A	0000	116
		_MENU_FUNCT_ARM_MOTOR_MODE		CODE           	12706	0000	44
		_MENU_FUNCT_ARM_MOTOR_BREAK_SPEED		CODE           	12904	0000	36
		_MENU_FUNCT_INPUT_BUFFER		CODE           	1294C	0000	36
		_MENU_FUNCT_ARM_DROP_MODE		CODE           	125F4	0000	46
		__ISR          		CODE           	0008	0000	182
		_main          		CODE           	113BE	0000	236
		_MENU_FUNCT_INPUT_TIME_OUT		CODE           	12970	0000	36
		_MENU_FUNCT_RELAY_A_MODE		CODE           	12866	0000	44
		_MENU_FUNCT_RELAY_B_MODE		CODE           	1283A	0000	44
		_MENU_UST_DATA_GETIR		CODE           	112C0	0000	254
		_MENU_FUNCT_RANDOM_A_AMOUNT		CODE           	129B8	0000	36
		_MENU_FUNCT_INPUT_MODE		CODE           	1275E	0000	44
		_MENU_FUNCT_COUNTER_A_FIX		CODE           	126AC	0000	46
		_MENU_FUNCT_RANDOM_B_AMOUNT		CODE           	12994	0000	36
		_MENU_FUNCT_COUNTER_A_TEMP		CODE           	12650	0000	46
		_MENU_FUNCT_COUNTER_B_FIX		CODE           	1267E	0000	46
		_MENU_FUNCT_RANDOM_A_MODE		CODE           	127B6	0000	44
		_MENU_FUNCT_COUNTER_B_TEMP		CODE           	12622	0000	46
		_MENU_FUNCT_RELAY_BUSY_TIME		CODE           	12A00	0000	36
		_MENU_FUNCT_RANDOM_B_MODE		CODE           	1278A	0000	44
		_MENU_FUNCT_ARM_MOTOR_SPEED		CODE           	12928	0000	36
		_MENU_FUNCT_RELAY_BUSY_MODE		CODE           	1280E	0000	44

newmain.c estimated size: 1774

C:\Program Files\Microchip\xc8\v2.46\pic\sources\c99\common\doprnt.c
		_vfpfcnvrt     		CODE           	105EE	0000	782
		_vfprintf      		CODE           	124E4	0000	58

C:\Program Files\Microchip\xc8\v2.46\pic\sources\c99\common\doprnt.c estimated size: 840

C:\Program Files\Microchip\xc8\v2.46\pic\sources\c99\common\nf_sprintf.c
		_sprintf       		CODE           	12558	0000	56

C:\Program Files\Microchip\xc8\v2.46\pic\sources\c99\common\nf_sprintf.c estimated size: 56

shared
		_Came_Logo     		MEDIUMCONST    	EEAB	0000	1024
		i2_UART_1_BYTE 		CODE           	12B8A	0000	12
		_font_8x16     		MEDIUMCONST    	E8B7	0000	1524
		__initialization		CODE           	11810	0000	196
		_font_8x16BOLD 		MEDIUMCONST    	F4F6	0000	1524
		_font_6x8      		MEDIUMCONST    	F2AB	0000	587
		_SMALL_FONTS   		MEDIUMCONST    	FAEA	0000	574

shared estimated size: 5441

C:\Program Files\Microchip\xc8\v2.46\pic\sources\c99\common\__lldiv.c
		___lldiv       		CODE           	11DD8	0000	130

C:\Program Files\Microchip\xc8\v2.46\pic\sources\c99\common\__lldiv.c estimated size: 130

C:\Program Files\Microchip\xc8\v2.46\pic\sources\c99\common\putch.c
		_putch         		CODE           	12BD4	0000	2

C:\Program Files\Microchip\xc8\v2.46\pic\sources\c99\common\putch.c estimated size: 2

C:\Program Files\Microchip\xc8\v2.46\pic\sources\c99\common\Umul16.c
		___wmul        		CODE           	128BA	0000	38

C:\Program Files\Microchip\xc8\v2.46\pic\sources\c99\common\Umul16.c estimated size: 38

MENU.c
		_MENU_GIR      		CODE           	12272	0000	90
		_MENU_USE_SELECT		CODE           	1173E	0000	210
		_MENU_INIT     		CODE           	125C2	0000	50
		_MENU_TEXT_PRINT		CODE           	11096	0000	284
		_MENU_PROCESS  		CODE           	123CC	0000	80
		_MENU_SHOW_DATA_PRINT		CODE           	111B2	0000	270
		_MENU_ANA_INIT 		CODE           	12BC4	0000	10
		_MENU_CIK      		CODE           	1251E	0000	58
		_MENU_WORK     		CODE           	10000	0000	1518
		_MENU_BUTON_ADD		CODE           	12460	0000	68
		_MENU_USE_VAL  		CODE           	10C08	0000	542

MENU.c estimated size: 3180

thread.c
		_THREAD_CREATE 		CODE           	12322	0000	86
		_THREAD_DONE_CONTROL		CODE           	124A4	0000	64
		_THREAD_TIME_START		CODE           	12B42	0000	16
		_THREAD_TIME_DONE		CODE           	12AD6	0000	20
		_THREAD_GET_STATE		CODE           	12BCE	0000	6
		_THREAD_TIME_WAIT		CODE           	11592	0000	218
		_THREAD_INTERRUPT		CODE           	118DE	0000	194
		_THREAD_MAIN   		CODE           	11EDA	0000	124

thread.c estimated size: 728

C:\Program Files\Microchip\xc8\v2.46\pic\sources\c99\common\abs.c
		_abs           		CODE           	12892	0000	40

C:\Program Files\Microchip\xc8\v2.46\pic\sources\c99\common\abs.c estimated size: 40

C:\Program Files\Microchip\xc8\v2.46\pic\sources\c99\common\awmod.c
		___awmod       		CODE           	121A2	0000	112

C:\Program Files\Microchip\xc8\v2.46\pic\sources\c99\common\awmod.c estimated size: 112

PIC_18F87K22.c
		_TIMER_3_INTERRUPT_FUNCT		CODE           	12BA2	0000	12
		_UART_2_BYTE   		CODE           	12B70	0000	14
		_TIMER_1_INTERRUPT		CODE           	12AFE	0000	18
		_I2C_1_STOP    		CODE           	12B52	0000	16
		_I2C_1_START   		CODE           	12BBA	0000	10
		_TIMER_1_SET   		CODE           	12B32	0000	16
		_I2C_1_INIT    		CODE           	12212	0000	96
		_TIMER_1_INIT  		CODE           	10F72	0000	292
		_TIMER_5_INTERRUPT_FUNCT		CODE           	12B96	0000	12
		_SET_OSC       		CODE           	11C3A	0000	144
		_I2C_1_READY   		CODE           	12AA8	0000	26
		_UART_1_INTERRUPT		CODE           	12B22	0000	16
		_TIMER_1_INTERRUPT_FUNCT		CODE           	12BAE	0000	12
		_UART_1_BYTE   		CODE           	12B7E	0000	12
		_UART_1_INIT   		CODE           	11BA4	0000	150
		_UART_1_STRING 		CODE           	12590	0000	50
		_PIN_SET_IO    		CODE           	12A8A	0000	30
		_PIN_SET_LAT   		CODE           	11AFC	0000	168
		_PIN_SET_TRIS  		CODE           	11A54	0000	168
		_PIN_SET_LAT_TOGGLE		CODE           	12378	0000	84
		_I2C_1_WRITE   		CODE           	12B62	0000	14
		_INTERRUPT_ALL 		CODE           	12B10	0000	18

PIC_18F87K22.c estimated size: 1378

C:\Program Files\Microchip\xc8\v2.46\pic\sources\c99\common\Umul32.c
		___lmul        		CODE           	122CC	0000	86

C:\Program Files\Microchip\xc8\v2.46\pic\sources\c99\common\Umul32.c estimated size: 86

